Archive member included to satisfy reference by file (symbol)

/usr/lib/gcc/arm-none-eabi/10.3.1/thumb/v6-m/nofp/libgcc.a(_dvmd_tls.o)
                              CMakeFiles/sd_fat_spi.dir/home/tarek/pico-sdk/src/rp2_common/pico_divider/divider.S.obj (__aeabi_idiv0)
/usr/lib/gcc/arm-none-eabi/10.3.1/../../../arm-none-eabi/lib/thumb/v6-m/nofp/libc.a(lib_a-atexit.o)
                              /usr/lib/gcc/arm-none-eabi/10.3.1/../../../arm-none-eabi/lib/thumb/v6-m/nofp/crt0.o (atexit)
/usr/lib/gcc/arm-none-eabi/10.3.1/../../../arm-none-eabi/lib/thumb/v6-m/nofp/libc.a(lib_a-calloc.o)
                              CMakeFiles/sd_fat_spi.dir/home/tarek/pico-sdk/src/rp2_common/pico_malloc/pico_malloc.c.obj (calloc)
/usr/lib/gcc/arm-none-eabi/10.3.1/../../../arm-none-eabi/lib/thumb/v6-m/nofp/libc.a(lib_a-callocr.o)
                              /usr/lib/gcc/arm-none-eabi/10.3.1/../../../arm-none-eabi/lib/thumb/v6-m/nofp/libc.a(lib_a-calloc.o) (_calloc_r)
/usr/lib/gcc/arm-none-eabi/10.3.1/../../../arm-none-eabi/lib/thumb/v6-m/nofp/libc.a(lib_a-errno.o)
                              CMakeFiles/sd_fat_spi.dir/lib/no-OS-FatFS-SD-SPI-RPi-Pico/FatFs_SPI/src/ff_stdio.c.obj (__errno)
/usr/lib/gcc/arm-none-eabi/10.3.1/../../../arm-none-eabi/lib/thumb/v6-m/nofp/libc.a(lib_a-fflush.o)
                              CMakeFiles/sd_fat_spi.dir/lib/no-OS-FatFS-SD-SPI-RPi-Pico/FatFs_SPI/sd_driver/demo_logging.c.obj (fflush)
/usr/lib/gcc/arm-none-eabi/10.3.1/../../../arm-none-eabi/lib/thumb/v6-m/nofp/libc.a(lib_a-findfp.o)
                              /usr/lib/gcc/arm-none-eabi/10.3.1/../../../arm-none-eabi/lib/thumb/v6-m/nofp/libc.a(lib_a-fflush.o) (__sinit)
/usr/lib/gcc/arm-none-eabi/10.3.1/../../../arm-none-eabi/lib/thumb/v6-m/nofp/libc.a(lib_a-fini.o)
                              /usr/lib/gcc/arm-none-eabi/10.3.1/../../../arm-none-eabi/lib/thumb/v6-m/nofp/crt0.o (__libc_fini_array)
/usr/lib/gcc/arm-none-eabi/10.3.1/../../../arm-none-eabi/lib/thumb/v6-m/nofp/libc.a(lib_a-freer.o)
                              /usr/lib/gcc/arm-none-eabi/10.3.1/../../../arm-none-eabi/lib/thumb/v6-m/nofp/libc.a(lib_a-fflush.o) (_free_r)
/usr/lib/gcc/arm-none-eabi/10.3.1/../../../arm-none-eabi/lib/thumb/v6-m/nofp/libc.a(lib_a-fwalk.o)
                              /usr/lib/gcc/arm-none-eabi/10.3.1/../../../arm-none-eabi/lib/thumb/v6-m/nofp/libc.a(lib_a-findfp.o) (_fwalk)
/usr/lib/gcc/arm-none-eabi/10.3.1/../../../arm-none-eabi/lib/thumb/v6-m/nofp/libc.a(lib_a-impure.o)
                              /usr/lib/gcc/arm-none-eabi/10.3.1/../../../arm-none-eabi/lib/thumb/v6-m/nofp/libc.a(lib_a-fflush.o) (_global_impure_ptr)
/usr/lib/gcc/arm-none-eabi/10.3.1/../../../arm-none-eabi/lib/thumb/v6-m/nofp/libc.a(lib_a-init.o)
                              /usr/lib/gcc/arm-none-eabi/10.3.1/../../../arm-none-eabi/lib/thumb/v6-m/nofp/crt0.o (__libc_init_array)
/usr/lib/gcc/arm-none-eabi/10.3.1/../../../arm-none-eabi/lib/thumb/v6-m/nofp/libc.a(lib_a-malloc.o)
                              CMakeFiles/sd_fat_spi.dir/home/tarek/pico-sdk/src/rp2_common/pico_malloc/pico_malloc.c.obj (malloc)
/usr/lib/gcc/arm-none-eabi/10.3.1/../../../arm-none-eabi/lib/thumb/v6-m/nofp/libc.a(lib_a-mallocr.o)
                              /usr/lib/gcc/arm-none-eabi/10.3.1/../../../arm-none-eabi/lib/thumb/v6-m/nofp/libc.a(lib_a-callocr.o) (_malloc_r)
/usr/lib/gcc/arm-none-eabi/10.3.1/../../../arm-none-eabi/lib/thumb/v6-m/nofp/libc.a(lib_a-memcmp.o)
                              CMakeFiles/sd_fat_spi.dir/lib/no-OS-FatFS-SD-SPI-RPi-Pico/FatFs_SPI/ff15/source/ff.c.obj (memcmp)
/usr/lib/gcc/arm-none-eabi/10.3.1/../../../arm-none-eabi/lib/thumb/v6-m/nofp/libc.a(lib_a-mktime.o)
                              CMakeFiles/sd_fat_spi.dir/lib/no-OS-FatFS-SD-SPI-RPi-Pico/FatFs_SPI/src/rtc.c.obj (mktime)
/usr/lib/gcc/arm-none-eabi/10.3.1/../../../arm-none-eabi/lib/thumb/v6-m/nofp/libc.a(lib_a-mlock.o)
                              /usr/lib/gcc/arm-none-eabi/10.3.1/../../../arm-none-eabi/lib/thumb/v6-m/nofp/libc.a(lib_a-freer.o) (__malloc_lock)
/usr/lib/gcc/arm-none-eabi/10.3.1/../../../arm-none-eabi/lib/thumb/v6-m/nofp/libc.a(lib_a-realloc.o)
                              CMakeFiles/sd_fat_spi.dir/home/tarek/pico-sdk/src/rp2_common/pico_malloc/pico_malloc.c.obj (realloc)
/usr/lib/gcc/arm-none-eabi/10.3.1/../../../arm-none-eabi/lib/thumb/v6-m/nofp/libc.a(lib_a-reallocr.o)
                              /usr/lib/gcc/arm-none-eabi/10.3.1/../../../arm-none-eabi/lib/thumb/v6-m/nofp/libc.a(lib_a-realloc.o) (_realloc_r)
/usr/lib/gcc/arm-none-eabi/10.3.1/../../../arm-none-eabi/lib/thumb/v6-m/nofp/libc.a(lib_a-sbrkr.o)
                              /usr/lib/gcc/arm-none-eabi/10.3.1/../../../arm-none-eabi/lib/thumb/v6-m/nofp/libc.a(lib_a-freer.o) (_sbrk_r)
/usr/lib/gcc/arm-none-eabi/10.3.1/../../../arm-none-eabi/lib/thumb/v6-m/nofp/libc.a(lib_a-stdio.o)
                              /usr/lib/gcc/arm-none-eabi/10.3.1/../../../arm-none-eabi/lib/thumb/v6-m/nofp/libc.a(lib_a-findfp.o) (__sread)
[...]
Memory Configuration

Name             Origin             Length             Attributes
FLASH            0x0000000010000000 0x0000000000200000 xr
RAM              0x0000000020000000 0x0000000000040000 xrw
SCRATCH_X        0x0000000020040000 0x0000000000001000 xrw
SCRATCH_Y        0x0000000020041000 0x0000000000001000 xrw
*default*        0x0000000000000000 0xffffffffffffffff

Linker script and memory map

LOAD /usr/lib/gcc/arm-none-eabi/10.3.1/thumb/v6-m/nofp/crti.o
LOAD /usr/lib/gcc/arm-none-eabi/10.3.1/thumb/v6-m/nofp/crtbegin.o
LOAD /usr/lib/gcc/arm-none-eabi/10.3.1/../../../arm-none-eabi/lib/thumb/v6-m/nofp/crt0.o

.flash_begin    0x0000000010000000        0x0
                0x0000000010000000                __flash_binary_start = .

.boot2          0x0000000010000000      0x100
                0x0000000010000000                __boot2_start__ = .
 *(.boot2)
 .boot2         0x0000000010000000      0x100 /tmp/cc1WNgip.o
                0x0000000010000100                __boot2_end__ = .
                0x0000000000000001                ASSERT (((__boot2_end__ - __boot2_start__) == 0x100), ERROR: Pico second stage bootloader must be 256 bytes in size)

.text           0x0000000010000100     0xf7e8
                0x0000000010000100                __logical_binary_start = .
 *(.vectors)
 .vectors       0x0000000010000100       0xd4 CMakeFiles/sd_fat_spi.dir/home/tarek/pico-sdk/src/rp2_common/pico_standard_link/crt0.S.obj
                0x0000000010000100                __vectors
                0x0000000010000100                __VECTOR_TABLE
                0x00000000100001c0                isr_invalid
                0x00000000100001c0                __default_isrs_start
                0x00000000100001c2                isr_nmi
                0x00000000100001c4                isr_hardfault
                0x00000000100001c6                isr_svcall
                0x00000000100001c8                isr_pendsv
                0x00000000100001ca                isr_systick
                0x00000000100001cc                isr_irq30
                0x00000000100001cc                __unhandled_user_irq
                0x00000000100001cc                isr_irq13
                0x00000000100001cc                isr_irq27
                0x00000000100001cc                isr_irq31
                0x00000000100001cc                isr_irq5
                0x00000000100001cc                isr_irq11
                0x00000000100001cc                isr_irq23
                0x00000000100001cc                isr_irq18
                0x00000000100001cc                isr_irq28
                0x00000000100001cc                isr_irq19
                0x00000000100001cc                isr_irq0
                0x00000000100001cc                isr_irq6
                0x00000000100001cc                isr_irq22
                0x00000000100001cc                isr_irq17
                0x00000000100001cc                isr_irq14
                0x00000000100001cc                isr_irq2
                0x00000000100001cc                isr_irq10
                0x00000000100001cc                isr_irq8
                0x00000000100001cc                isr_irq24
                0x00000000100001cc                isr_irq1
                0x00000000100001cc                isr_irq7
                0x00000000100001cc                isr_irq21
                0x00000000100001cc                isr_irq20
                0x00000000100001cc                isr_irq15
                0x00000000100001cc                isr_irq25
                0x00000000100001cc                isr_irq4
                0x00000000100001cc                isr_irq16
                0x00000000100001cc                isr_irq29
                0x00000000100001cc                isr_irq26
                0x00000000100001cc                __default_isrs_end
                0x00000000100001cc                isr_irq3
                0x00000000100001cc                isr_irq12
                0x00000000100001cc                isr_irq9
                0x00000000100001d2                unhandled_user_irq_num_in_r0
 *(.binary_info_header)
 .binary_info_header
                0x00000000100001d4       0x14 CMakeFiles/sd_fat_spi.dir/home/tarek/pico-sdk/src/rp2_common/pico_standard_link/crt0.S.obj
                0x00000000100001e8                __binary_info_header_end = .
 *(.reset)
 .reset         0x00000000100001e8       0xa0 CMakeFiles/sd_fat_spi.dir/home/tarek/pico-sdk/src/rp2_common/pico_standard_link/crt0.S.obj
                0x00000000100001e8                _entry_point
 .reset         0x0000000010000288       0x30 CMakeFiles/sd_fat_spi.dir/home/tarek/pico-sdk/src/rp2_common/pico_standard_link/binary_info.c.obj
 *(.init)
 .init          0x00000000100002b8        0x4 /usr/lib/gcc/arm-none-eabi/10.3.1/thumb/v6-m/nofp/crti.o
                0x00000000100002b8                _init
 *(EXCLUDE_FILE(*libm.a: *libc.a:*lib_a-mem*.o *libgcc.a:) .text*)
 .text          0x00000000100002bc       0x98 /usr/lib/gcc/arm-none-eabi/10.3.1/thumb/v6-m/nofp/crtbegin.o
 .text.startup.main
                0x0000000010000354      0x15c CMakeFiles/sd_fat_spi.dir/sd.c.obj
                0x0000000010000354                main
 .text.spi0_dma_isr
                0x00000000100004b0        0x4 CMakeFiles/sd_fat_spi.dir/hw_config.c.obj
                0x00000000100004b0                spi0_dma_isr
 .text.sd_get_num
                0x00000000100004b4        0x4 CMakeFiles/sd_fat_spi.dir/hw_config.c.obj
                0x00000000100004b4                sd_get_num
 .text.sd_get_by_num
                0x00000000100004b8       0x18 CMakeFiles/sd_fat_spi.dir/hw_config.c.obj
                0x00000000100004b8                sd_get_by_num
 .text.spi_get_num
                0x00000000100004d0        0x4 CMakeFiles/sd_fat_spi.dir/hw_config.c.obj
                0x00000000100004d0                spi_get_num
 .text.spi_get_by_num
                0x00000000100004d4       0x18 CMakeFiles/sd_fat_spi.dir/hw_config.c.obj
                0x00000000100004d4                spi_get_by_num
 .text.gpio_set_function
                0x00000000100004ec       0x30 CMakeFiles/sd_fat_spi.dir/home/tarek/pico-sdk/src/rp2_common/hardware_gpio/gpio.c.obj
                0x00000000100004ec                gpio_set_function
 .text.gpio_set_pulls
                0x000000001000051c       0x30 CMakeFiles/sd_fat_spi.dir/home/tarek/pico-sdk/src/rp2_common/hardware_gpio/gpio.c.obj
                0x000000001000051c                gpio_set_pulls
 .text.gpio_set_drive_strength
                0x000000001000054c       0x20 CMakeFiles/sd_fat_spi.dir/home/tarek/pico-sdk/src/rp2_common/hardware_gpio/gpio.c.obj
                0x000000001000054c                gpio_set_drive_strength
 .text.gpio_init
                0x000000001000056c       0x3c CMakeFiles/sd_fat_spi.dir/home/tarek/pico-sdk/src/rp2_common/hardware_gpio/gpio.c.obj
                0x000000001000056c                gpio_init
 .text.running_on_fpga
                0x00000000100005a8       0x10 CMakeFiles/sd_fat_spi.dir/home/tarek/pico-sdk/src/rp2_common/pico_platform/platform.c.obj
                0x00000000100005a8                running_on_fpga
 .text.hw_claim_or_assert
                0x00000000100005b8       0x44 CMakeFiles/sd_fat_spi.dir/home/tarek/pico-sdk/src/rp2_common/hardware_claim/claim.c.obj
                0x00000000100005b8                hw_claim_or_assert
 .text.hw_claim_unused_from_range
                0x00000000100005fc       0x9c CMakeFiles/sd_fat_spi.dir/home/tarek/pico-sdk/src/rp2_common/hardware_claim/claim.c.obj
                0x00000000100005fc                hw_claim_unused_from_range
 .text.spin_locks_reset
                0x0000000010000698       0x1c CMakeFiles/sd_fat_spi.dir/home/tarek/pico-sdk/src/rp2_common/hardware_sync/sync.c.obj
                0x0000000010000698                spin_locks_reset
 .text.next_striped_spin_lock_num
                0x00000000100006b4       0x18 CMakeFiles/sd_fat_spi.dir/home/tarek/pico-sdk/src/rp2_common/hardware_sync/sync.c.obj
                0x00000000100006b4                next_striped_spin_lock_num
 .text.spin_lock_claim_unused
                0x00000000100006cc       0x20 CMakeFiles/sd_fat_spi.dir/home/tarek/pico-sdk/src/rp2_common/hardware_sync/sync.c.obj
                0x00000000100006cc                spin_lock_claim_unused
 .text.irq_set_enabled
                0x00000000100006ec       0x24 CMakeFiles/sd_fat_spi.dir/home/tarek/pico-sdk/src/rp2_common/hardware_irq/irq.c.obj
                0x00000000100006ec                irq_set_enabled
 .text.irq_set_pending
                0x0000000010000710       0x10 CMakeFiles/sd_fat_spi.dir/home/tarek/pico-sdk/src/rp2_common/hardware_irq/irq.c.obj
                0x0000000010000710                irq_set_pending
 .text.irq_has_shared_handler
                0x0000000010000720       0x2c CMakeFiles/sd_fat_spi.dir/home/tarek/pico-sdk/src/rp2_common/hardware_irq/irq.c.obj
                0x0000000010000720                irq_has_shared_handler
 .text.irq_get_vtable_handler
                0x000000001000074c       0x10 CMakeFiles/sd_fat_spi.dir/home/tarek/pico-sdk/src/rp2_common/hardware_irq/irq.c.obj
                0x000000001000074c                irq_get_vtable_handler
 .text.irq_set_exclusive_handler
                0x000000001000075c       0x54 CMakeFiles/sd_fat_spi.dir/home/tarek/pico-sdk/src/rp2_common/hardware_irq/irq.c.obj
                0x000000001000075c                irq_set_exclusive_handler
 .text.irq_add_shared_handler
                0x00000000100007b0      0x1e8 CMakeFiles/sd_fat_spi.dir/home/tarek/pico-sdk/src/rp2_common/hardware_irq/irq.c.obj
                0x00000000100007b0                irq_add_shared_handler
 .text.irq_remove_handler
                0x0000000010000998      0x1b0 CMakeFiles/sd_fat_spi.dir/home/tarek/pico-sdk/src/rp2_common/hardware_irq/irq.c.obj
                0x0000000010000998                irq_remove_handler
 .text.irq_add_tail_to_free_list
                0x0000000010000b48       0xb4 CMakeFiles/sd_fat_spi.dir/home/tarek/pico-sdk/src/rp2_common/hardware_irq/irq.c.obj
                0x0000000010000b48                irq_add_tail_to_free_list
 .text.irq_init_priorities
                0x0000000010000bfc       0x24 CMakeFiles/sd_fat_spi.dir/home/tarek/pico-sdk/src/rp2_common/hardware_irq/irq.c.obj
                0x0000000010000bfc                irq_init_priorities
 .text.user_irq_claim_unused
                0x0000000010000c20       0x28 CMakeFiles/sd_fat_spi.dir/home/tarek/pico-sdk/src/rp2_common/hardware_irq/irq.c.obj
                0x0000000010000c20                user_irq_claim_unused
 .text.sem_init
                0x0000000010000c48       0x20 CMakeFiles/sd_fat_spi.dir/home/tarek/pico-sdk/src/common/pico_sync/sem.c.obj
                0x0000000010000c48                sem_init
 .text.lock_init
                0x0000000010000c68       0x10 CMakeFiles/sd_fat_spi.dir/home/tarek/pico-sdk/src/common/pico_sync/lock_core.c.obj
                0x0000000010000c68                lock_init
 .text.mutex_init
                0x0000000010000c78       0x1c CMakeFiles/sd_fat_spi.dir/home/tarek/pico-sdk/src/common/pico_sync/mutex.c.obj
                0x0000000010000c78                mutex_init
 .text.recursive_mutex_init
                0x0000000010000c94       0x1c CMakeFiles/sd_fat_spi.dir/home/tarek/pico-sdk/src/common/pico_sync/mutex.c.obj
                0x0000000010000c94                recursive_mutex_init
 .text.critical_section_init
                0x0000000010000cb0       0x20 CMakeFiles/sd_fat_spi.dir/home/tarek/pico-sdk/src/common/pico_sync/critical_section.c.obj
                0x0000000010000cb0                critical_section_init
 .text.critical_section_init_with_lock_num
                0x0000000010000cd0       0x14 CMakeFiles/sd_fat_spi.dir/home/tarek/pico-sdk/src/common/pico_sync/critical_section.c.obj
                0x0000000010000cd0                critical_section_init_with_lock_num
 .text.timer_pool_entry_comparator
                0x0000000010000ce4       0x34 CMakeFiles/sd_fat_spi.dir/home/tarek/pico-sdk/src/common/pico_time/time.c.obj
                0x0000000010000ce4                timer_pool_entry_comparator
 .text.sleep_until_callback
                0x0000000010000d18       0x30 CMakeFiles/sd_fat_spi.dir/home/tarek/pico-sdk/src/common/pico_time/time.c.obj
 .text.add_alarm_under_lock.isra.0
                0x0000000010000d48      0x100 CMakeFiles/sd_fat_spi.dir/home/tarek/pico-sdk/src/common/pico_time/time.c.obj
 .text.alarm_pool_alarm_callback
                0x0000000010000e48      0x1bc CMakeFiles/sd_fat_spi.dir/home/tarek/pico-sdk/src/common/pico_time/time.c.obj
 .text.alarm_pool_init_default
                0x0000000010001004       0x6c CMakeFiles/sd_fat_spi.dir/home/tarek/pico-sdk/src/common/pico_time/time.c.obj
                0x0000000010001004                alarm_pool_init_default
 .text.alarm_pool_get_default
                0x0000000010001070        0x8 CMakeFiles/sd_fat_spi.dir/home/tarek/pico-sdk/src/common/pico_time/time.c.obj
                0x0000000010001070                alarm_pool_get_default
 .text.alarm_pool_add_alarm_at
                0x0000000010001078      0x178 CMakeFiles/sd_fat_spi.dir/home/tarek/pico-sdk/src/common/pico_time/time.c.obj
                0x0000000010001078                alarm_pool_add_alarm_at
 .text.alarm_pool_core_num
                0x00000000100011f0        0x4 CMakeFiles/sd_fat_spi.dir/home/tarek/pico-sdk/src/common/pico_time/time.c.obj
                0x00000000100011f0                alarm_pool_core_num
 .text.sleep_until
                0x00000000100011f4       0xc4 CMakeFiles/sd_fat_spi.dir/home/tarek/pico-sdk/src/common/pico_time/time.c.obj
                0x00000000100011f4                sleep_until
 .text.sleep_ms
                0x00000000100012b8       0x34 CMakeFiles/sd_fat_spi.dir/home/tarek/pico-sdk/src/common/pico_time/time.c.obj
                0x00000000100012b8                sleep_ms
 .text.best_effort_wfe_or_timeout
                0x00000000100012ec       0xd4 CMakeFiles/sd_fat_spi.dir/home/tarek/pico-sdk/src/common/pico_time/time.c.obj
                0x00000000100012ec                best_effort_wfe_or_timeout
 .text.hardware_alarm_irq_handler
                0x00000000100013c0       0xbc CMakeFiles/sd_fat_spi.dir/home/tarek/pico-sdk/src/rp2_common/hardware_timer/timer.c.obj
 .text.hardware_alarm_claim
                0x000000001000147c       0x18 CMakeFiles/sd_fat_spi.dir/home/tarek/pico-sdk/src/rp2_common/hardware_timer/timer.c.obj
                0x000000001000147c                hardware_alarm_claim
 .text.time_us_64
                0x0000000010001494       0x14 CMakeFiles/sd_fat_spi.dir/home/tarek/pico-sdk/src/rp2_common/hardware_timer/timer.c.obj
                0x0000000010001494                time_us_64
 .text.busy_wait_us
                0x00000000100014a8       0x54 CMakeFiles/sd_fat_spi.dir/home/tarek/pico-sdk/src/rp2_common/hardware_timer/timer.c.obj
                0x00000000100014a8                busy_wait_us
 .text.busy_wait_until
                0x00000000100014fc       0x20 CMakeFiles/sd_fat_spi.dir/home/tarek/pico-sdk/src/rp2_common/hardware_timer/timer.c.obj
                0x00000000100014fc                busy_wait_until
 .text.hardware_alarm_set_callback
                0x000000001000151c       0x8c CMakeFiles/sd_fat_spi.dir/home/tarek/pico-sdk/src/rp2_common/hardware_timer/timer.c.obj
                0x000000001000151c                hardware_alarm_set_callback
 .text.hardware_alarm_set_target
                0x00000000100015a8       0xd4 CMakeFiles/sd_fat_spi.dir/home/tarek/pico-sdk/src/rp2_common/hardware_timer/timer.c.obj
                0x00000000100015a8                hardware_alarm_set_target
 .text.hardware_alarm_cancel
                0x000000001000167c       0x3c CMakeFiles/sd_fat_spi.dir/home/tarek/pico-sdk/src/rp2_common/hardware_timer/timer.c.obj
                0x000000001000167c                hardware_alarm_cancel
 .text.ph_merge_nodes
                0x00000000100016b8       0x68 CMakeFiles/sd_fat_spi.dir/home/tarek/pico-sdk/src/common/pico_util/pheap.c.obj
 .text.ph_post_alloc_init
                0x0000000010001720       0x3c CMakeFiles/sd_fat_spi.dir/home/tarek/pico-sdk/src/common/pico_util/pheap.c.obj
                0x0000000010001720                ph_post_alloc_init
 .text.ph_merge_two_pass
                0x000000001000175c       0x90 CMakeFiles/sd_fat_spi.dir/home/tarek/pico-sdk/src/common/pico_util/pheap.c.obj
                0x000000001000175c                ph_merge_two_pass
 .text.ph_remove_any_head
                0x00000000100017ec      0x100 CMakeFiles/sd_fat_spi.dir/home/tarek/pico-sdk/src/common/pico_util/pheap.c.obj
 .text.ph_remove_head
                0x00000000100018ec      0x104 CMakeFiles/sd_fat_spi.dir/home/tarek/pico-sdk/src/common/pico_util/pheap.c.obj
                0x00000000100018ec                ph_remove_head
 .text.ph_remove_and_free_node
                0x00000000100019f0       0x7c CMakeFiles/sd_fat_spi.dir/home/tarek/pico-sdk/src/common/pico_util/pheap.c.obj
                0x00000000100019f0                ph_remove_and_free_node
 .text.clocks_init
                0x0000000010001a6c      0x2d0 CMakeFiles/sd_fat_spi.dir/home/tarek/pico-sdk/src/rp2_common/hardware_clocks/clocks.c.obj
                0x0000000010001a6c                clocks_init
 .text.clock_get_hz
                0x0000000010001d3c        0xc CMakeFiles/sd_fat_spi.dir/home/tarek/pico-sdk/src/rp2_common/hardware_clocks/clocks.c.obj
                0x0000000010001d3c                clock_get_hz
 .text.pll_init
                0x0000000010001d48       0xa0 CMakeFiles/sd_fat_spi.dir/home/tarek/pico-sdk/src/rp2_common/hardware_pll/pll.c.obj
                0x0000000010001d48                pll_init
 .text.watchdog_start_tick
                0x0000000010001de8       0x10 CMakeFiles/sd_fat_spi.dir/home/tarek/pico-sdk/src/rp2_common/hardware_watchdog/watchdog.c.obj
                0x0000000010001de8                watchdog_start_tick
 .text.watchdog_reboot
                0x0000000010001df8       0x98 CMakeFiles/sd_fat_spi.dir/home/tarek/pico-sdk/src/rp2_common/hardware_watchdog/watchdog.c.obj
                0x0000000010001df8                watchdog_reboot
 .text.xosc_init
                0x0000000010001e90       0x28 CMakeFiles/sd_fat_spi.dir/home/tarek/pico-sdk/src/rp2_common/hardware_xosc/xosc.c.obj
                0x0000000010001e90                xosc_init
 .text.runtime_init
                0x0000000010001eb8       0xf0 CMakeFiles/sd_fat_spi.dir/home/tarek/pico-sdk/src/rp2_common/pico_runtime/runtime.c.obj
                0x0000000010001eb8                runtime_init
 .text._exit    0x0000000010001fa8        0x4 CMakeFiles/sd_fat_spi.dir/home/tarek/pico-sdk/src/rp2_common/pico_runtime/runtime.c.obj
                0x0000000010001fa8                _exit
 .text._sbrk    0x0000000010001fac       0x34 CMakeFiles/sd_fat_spi.dir/home/tarek/pico-sdk/src/rp2_common/pico_runtime/runtime.c.obj
                0x0000000010001fac                _sbrk
 .text.exit     0x0000000010001fe0        0x8 CMakeFiles/sd_fat_spi.dir/home/tarek/pico-sdk/src/rp2_common/pico_runtime/runtime.c.obj
                0x0000000010001fe0                exit
 .text.panic    0x0000000010001fe8       0x30 CMakeFiles/sd_fat_spi.dir/home/tarek/pico-sdk/src/rp2_common/pico_runtime/runtime.c.obj
                0x0000000010001fe8                panic
 .text.hard_assertion_failure
                0x0000000010002018        0xc CMakeFiles/sd_fat_spi.dir/home/tarek/pico-sdk/src/rp2_common/pico_runtime/runtime.c.obj
                0x0000000010002018                hard_assertion_failure
 .text._out_null
                0x0000000010002024        0x4 CMakeFiles/sd_fat_spi.dir/home/tarek/pico-sdk/src/rp2_common/pico_printf/printf.c.obj
 .text._out_rev
                0x0000000010002028       0x9c CMakeFiles/sd_fat_spi.dir/home/tarek/pico-sdk/src/rp2_common/pico_printf/printf.c.obj
 .text._ntoa_format
                0x00000000100020c4      0x1cc CMakeFiles/sd_fat_spi.dir/home/tarek/pico-sdk/src/rp2_common/pico_printf/printf.c.obj
 .text._out_char
                0x0000000010002290       0x10 CMakeFiles/sd_fat_spi.dir/home/tarek/pico-sdk/src/rp2_common/pico_printf/printf.c.obj
 .text._out_fct
                0x00000000100022a0       0x10 CMakeFiles/sd_fat_spi.dir/home/tarek/pico-sdk/src/rp2_common/pico_printf/printf.c.obj
 .text._etoa    0x00000000100022b0      0x44c CMakeFiles/sd_fat_spi.dir/home/tarek/pico-sdk/src/rp2_common/pico_printf/printf.c.obj
 .text._ftoa    0x00000000100026fc      0x398 CMakeFiles/sd_fat_spi.dir/home/tarek/pico-sdk/src/rp2_common/pico_printf/printf.c.obj
 .text._vsnprintf
                0x0000000010002a94      0xb04 CMakeFiles/sd_fat_spi.dir/home/tarek/pico-sdk/src/rp2_common/pico_printf/printf.c.obj
 .text.vfctprintf
                0x0000000010003598       0x20 CMakeFiles/sd_fat_spi.dir/home/tarek/pico-sdk/src/rp2_common/pico_printf/printf.c.obj
                0x0000000010003598                vfctprintf
 .text.weak_raw_vprintf
                0x00000000100035b8       0x30 CMakeFiles/sd_fat_spi.dir/home/tarek/pico-sdk/src/rp2_common/pico_printf/printf.c.obj
                0x00000000100035b8                weak_raw_vprintf
 .text          0x00000000100035e8       0x10 CMakeFiles/sd_fat_spi.dir/home/tarek/pico-sdk/src/rp2_common/pico_bit_ops/bit_ops_aeabi.S.obj
 .text.rom_func_lookup
                0x00000000100035f8       0x10 CMakeFiles/sd_fat_spi.dir/home/tarek/pico-sdk/src/rp2_common/pico_bootrom/bootrom.c.obj
                0x00000000100035f8                rom_func_lookup
 .text.rom_data_lookup
                0x0000000010003608       0x10 CMakeFiles/sd_fat_spi.dir/home/tarek/pico-sdk/src/rp2_common/pico_bootrom/bootrom.c.obj
                0x0000000010003608                rom_data_lookup
 .text.rom_funcs_lookup
                0x0000000010003618       0x44 CMakeFiles/sd_fat_spi.dir/home/tarek/pico-sdk/src/rp2_common/pico_bootrom/bootrom.c.obj
                0x0000000010003618                rom_funcs_lookup
 .text.__wrap___aeabi_idiv
                0x000000001000365c       0x50 CMakeFiles/sd_fat_spi.dir/home/tarek/pico-sdk/src/rp2_common/pico_divider/divider.S.obj
                0x000000001000365c                __wrap___aeabi_idivmod
                0x000000001000365c                divmod_s32s32
                0x000000001000365c                div_s32s32
                0x000000001000365c                __wrap___aeabi_idiv
                0x0000000010003664                divmod_s32s32_unsafe
                0x0000000010003690                divmod_s32s32_savestate
 .text.__wrap___aeabi_uidiv
                0x00000000100036ac       0x4c CMakeFiles/sd_fat_spi.dir/home/tarek/pico-sdk/src/rp2_common/pico_divider/divider.S.obj
                0x00000000100036ac                __wrap___aeabi_uidiv
                0x00000000100036ac                __wrap___aeabi_uidivmod
                0x00000000100036ac                div_u32u32
                0x00000000100036ac                divmod_u32u32
                0x00000000100036b4                divmod_u32u32_unsafe
                0x00000000100036dc                divmod_u32u32_savestate
 .text.__wrap___aeabi_ldiv
                0x00000000100036f8      0x424 CMakeFiles/sd_fat_spi.dir/home/tarek/pico-sdk/src/rp2_common/pico_divider/divider.S.obj
                0x00000000100036f8                div_s64s64
                0x00000000100036f8                divmod_s64s64
                0x00000000100036f8                __wrap___aeabi_ldivmod
                0x0000000010003728                div_u64u64
                0x0000000010003728                divmod_u64u64
                0x0000000010003728                __wrap___aeabi_uldivmod
                0x0000000010003738                divmod_u64u64_savestate
                0x0000000010003758                divmod_s64s64_unsafe
                0x00000000100037e0                divmod_u64u64_unsafe
 .text.__wrap___aeabi_darithmetic
                0x0000000010003b1c       0x80 CMakeFiles/sd_fat_spi.dir/home/tarek/pico-sdk/src/rp2_common/pico_double/double_aeabi.S.obj
                0x0000000010003b1c                __wrap___aeabi_drsub
                0x0000000010003b22                __wrap___aeabi_dsub
                0x0000000010003b34                __wrap___aeabi_dadd
                0x0000000010003b46                __wrap___aeabi_ddiv
                0x0000000010003b82                __wrap___aeabi_dmul
 .text.__wrap___aeabi_cdcmple
                0x0000000010003b9c       0x6c CMakeFiles/sd_fat_spi.dir/home/tarek/pico-sdk/src/rp2_common/pico_double/double_aeabi.S.obj
                0x0000000010003b9c                __wrap___aeabi_cdrcmple
                0x0000000010003bac                __wrap___aeabi_cdcmple
                0x0000000010003bac                __wrap___aeabi_cdcmpeq
 .text.__wrap___aeabi_dcmpeq
                0x0000000010003c08       0x10 CMakeFiles/sd_fat_spi.dir/home/tarek/pico-sdk/src/rp2_common/pico_double/double_aeabi.S.obj
                0x0000000010003c08                __wrap___aeabi_dcmpeq
 .text.__wrap___aeabi_dcmplt
                0x0000000010003c18        0xc CMakeFiles/sd_fat_spi.dir/home/tarek/pico-sdk/src/rp2_common/pico_double/double_aeabi.S.obj
                0x0000000010003c18                __wrap___aeabi_dcmplt
 .text.__wrap___aeabi_dcmple
                0x0000000010003c24       0x10 CMakeFiles/sd_fat_spi.dir/home/tarek/pico-sdk/src/rp2_common/pico_double/double_aeabi.S.obj
                0x0000000010003c24                __wrap___aeabi_dcmple
 .text.__wrap___aeabi_dcmpge
                0x0000000010003c34       0x10 CMakeFiles/sd_fat_spi.dir/home/tarek/pico-sdk/src/rp2_common/pico_double/double_aeabi.S.obj
                0x0000000010003c34                __wrap___aeabi_dcmpge
 .text.__wrap___aeabi_dcmpgt
                0x0000000010003c44        0xa CMakeFiles/sd_fat_spi.dir/home/tarek/pico-sdk/src/rp2_common/pico_double/double_aeabi.S.obj
                0x0000000010003c44                __wrap___aeabi_dcmpgt
 .text.__wrap___aeabi_dcmpun
                0x0000000010003c4e       0x1c CMakeFiles/sd_fat_spi.dir/home/tarek/pico-sdk/src/rp2_common/pico_double/double_aeabi.S.obj
                0x0000000010003c4e                __wrap___aeabi_dcmpun
 *fill*         0x0000000010003c6a        0x2 
 .text.__wrap___aeabi_i2d
                0x0000000010003c6c       0x38 CMakeFiles/sd_fat_spi.dir/home/tarek/pico-sdk/src/rp2_common/pico_double/double_aeabi.S.obj
                0x0000000010003c6c                __wrap___aeabi_ui2d
                0x0000000010003c74                __wrap___aeabi_i2d
 .text.__wrap___aeabi_d2iz
                0x0000000010003ca4       0x48 CMakeFiles/sd_fat_spi.dir/home/tarek/pico-sdk/src/rp2_common/pico_double/double_aeabi.S.obj
                0x0000000010003ca4                __wrap___aeabi_d2iz
                0x0000000010003ca4                double2int_z
 .text.__wrap___aeabi_d2uiz
                0x0000000010003cec       0x18 CMakeFiles/sd_fat_spi.dir/home/tarek/pico-sdk/src/rp2_common/pico_double/double_aeabi.S.obj
                0x0000000010003cec                double2uint
                0x0000000010003cec                __wrap___aeabi_d2uiz
 .text.__aeabi_double_init
                0x0000000010003d04       0x94 CMakeFiles/sd_fat_spi.dir/home/tarek/pico-sdk/src/rp2_common/pico_double/double_init_rom.c.obj
                0x0000000010003d04                __aeabi_double_init
 .text.double_table_shim_on_use_helper
                0x0000000010003d98       0x2c CMakeFiles/sd_fat_spi.dir/home/tarek/pico-sdk/src/rp2_common/pico_double/double_v1_rom_shim.S.obj
                0x0000000010003d98                double_table_shim_on_use_helper
 .text.__wrap___aeabi_dsub
                0x0000000010003dc4       0x10 CMakeFiles/sd_fat_spi.dir/home/tarek/pico-sdk/src/rp2_common/pico_double/double_v1_rom_shim.S.obj
                0x0000000010003dc4                drsub_shim
                0x0000000010003dca                dsub_shim
 .text.dadd_shim
                0x0000000010003dd4      0x15c CMakeFiles/sd_fat_spi.dir/home/tarek/pico-sdk/src/rp2_common/pico_double/double_v1_rom_shim.S.obj
                0x0000000010003dd4                dadd_shim
 .text.dmul_shim
                0x0000000010003f30      0x15c CMakeFiles/sd_fat_spi.dir/home/tarek/pico-sdk/src/rp2_common/pico_double/double_v1_rom_shim.S.obj
                0x0000000010003f30                dmul_shim
 .text.ddiv_shim
                0x000000001000408c      0x1b0 CMakeFiles/sd_fat_spi.dir/home/tarek/pico-sdk/src/rp2_common/pico_double/double_v1_rom_shim.S.obj
                0x000000001000408c                ddiv_shim
 .text.double2uint_shim
                0x000000001000423c        0xe CMakeFiles/sd_fat_spi.dir/home/tarek/pico-sdk/src/rp2_common/pico_double/double_v1_rom_shim.S.obj
                0x000000001000423c                double2uint_shim
                0x000000001000423e                double2ufix_shim
 *fill*         0x000000001000424a        0x2 
 .text.double2uint64_shim
                0x000000001000424c       0x70 CMakeFiles/sd_fat_spi.dir/home/tarek/pico-sdk/src/rp2_common/pico_double/double_v1_rom_shim.S.obj
                0x000000001000424c                double2uint64_shim
                0x000000001000424e                double2ufix64_shim
                0x000000001000426e                d2fix_a
 .text.dunpacks
                0x00000000100042bc       0x3c CMakeFiles/sd_fat_spi.dir/home/tarek/pico-sdk/src/rp2_common/pico_double/double_v1_rom_shim.S.obj
                0x00000000100042bc                dunpacks
 .text.__aeabi_lmul
                0x00000000100042f8       0x32 CMakeFiles/sd_fat_spi.dir/home/tarek/pico-sdk/src/rp2_common/pico_int64_ops/pico_int64_ops_aeabi.S.obj
                0x00000000100042f8                __wrap___aeabi_lmul
 *fill*         0x000000001000432a        0x2 
 .text.__aeabi_float_init
                0x000000001000432c       0x64 CMakeFiles/sd_fat_spi.dir/home/tarek/pico-sdk/src/rp2_common/pico_float/float_init_rom.c.obj
                0x000000001000432c                __aeabi_float_init
 .text.float_table_shim_on_use_helper
                0x0000000010004390       0x2c CMakeFiles/sd_fat_spi.dir/home/tarek/pico-sdk/src/rp2_common/pico_float/float_v1_rom_shim.S.obj
                0x0000000010004390                float_table_shim_on_use_helper
 .text.__wrap_malloc
                0x00000000100043bc       0x24 CMakeFiles/sd_fat_spi.dir/home/tarek/pico-sdk/src/rp2_common/pico_malloc/pico_malloc.c.obj
                0x00000000100043bc                __wrap_malloc
 .text.__wrap_free
                0x00000000100043e0        0x8 CMakeFiles/sd_fat_spi.dir/home/tarek/pico-sdk/src/rp2_common/pico_malloc/pico_malloc.c.obj
                0x00000000100043e0                __wrap_free
 .text          0x00000000100043e8       0x10 CMakeFiles/sd_fat_spi.dir/home/tarek/pico-sdk/src/rp2_common/pico_mem_ops/mem_ops_aeabi.S.obj
                0x00000000100043e8                __aeabi_mem_init
 .text.memset   0x00000000100043f8        0xc CMakeFiles/sd_fat_spi.dir/home/tarek/pico-sdk/src/rp2_common/pico_mem_ops/mem_ops_aeabi.S.obj
                0x00000000100043f8                __wrap_memset
 .text.memcpy   0x0000000010004404        0xc CMakeFiles/sd_fat_spi.dir/home/tarek/pico-sdk/src/rp2_common/pico_mem_ops/mem_ops_aeabi.S.obj
                0x0000000010004404                __wrap___aeabi_memcpy
                0x0000000010004404                __wrap_memcpy
 .text.stdio_out_chars_no_crlf
                0x0000000010004410       0x10 CMakeFiles/sd_fat_spi.dir/home/tarek/pico-sdk/src/rp2_common/pico_stdio/stdio.c.obj
 .text.stdio_out_chars_crlf
                0x0000000010004420       0xb4 CMakeFiles/sd_fat_spi.dir/home/tarek/pico-sdk/src/rp2_common/pico_stdio/stdio.c.obj
 .text.stdio_buffered_printer
                0x00000000100044d4       0x64 CMakeFiles/sd_fat_spi.dir/home/tarek/pico-sdk/src/rp2_common/pico_stdio/stdio.c.obj
 .text.stdio_put_string.isra.0
                0x0000000010004538       0xfc CMakeFiles/sd_fat_spi.dir/home/tarek/pico-sdk/src/rp2_common/pico_stdio/stdio.c.obj
 .text.__wrap_putchar
                0x0000000010004634       0x98 CMakeFiles/sd_fat_spi.dir/home/tarek/pico-sdk/src/rp2_common/pico_stdio/stdio.c.obj
                0x0000000010004634                __wrap_putchar
 .text.__wrap_puts
                0x00000000100046cc       0x3c CMakeFiles/sd_fat_spi.dir/home/tarek/pico-sdk/src/rp2_common/pico_stdio/stdio.c.obj
                0x00000000100046cc                __wrap_puts
 .text.stdio_set_driver_enabled
                0x0000000010004708       0x30 CMakeFiles/sd_fat_spi.dir/home/tarek/pico-sdk/src/rp2_common/pico_stdio/stdio.c.obj
                0x0000000010004708                stdio_set_driver_enabled
 .text.__wrap_vprintf
                0x0000000010004738       0xd8 CMakeFiles/sd_fat_spi.dir/home/tarek/pico-sdk/src/rp2_common/pico_stdio/stdio.c.obj
                0x0000000010004738                __wrap_vprintf
 .text.__wrap_printf
                0x0000000010004810       0x18 CMakeFiles/sd_fat_spi.dir/home/tarek/pico-sdk/src/rp2_common/pico_stdio/stdio.c.obj
                0x0000000010004810                __wrap_printf
 .text.stdio_init_all
                0x0000000010004828        0x8 CMakeFiles/sd_fat_spi.dir/home/tarek/pico-sdk/src/rp2_common/pico_stdio/stdio.c.obj
                0x0000000010004828                stdio_init_all
 .text.__wrap_getchar
                0x0000000010004830       0x74 CMakeFiles/sd_fat_spi.dir/home/tarek/pico-sdk/src/rp2_common/pico_stdio/stdio.c.obj
                0x0000000010004830                __wrap_getchar
 .text.resetd_init
                0x00000000100048a4        0x4 CMakeFiles/sd_fat_spi.dir/home/tarek/pico-sdk/src/rp2_common/pico_stdio_usb/reset_interface.c.obj
 .text.resetd_reset
                0x00000000100048a8        0xc CMakeFiles/sd_fat_spi.dir/home/tarek/pico-sdk/src/rp2_common/pico_stdio_usb/reset_interface.c.obj
 .text.resetd_open
                0x00000000100048b4       0x28 CMakeFiles/sd_fat_spi.dir/home/tarek/pico-sdk/src/rp2_common/pico_stdio_usb/reset_interface.c.obj
 .text.resetd_xfer_cb
                0x00000000100048dc        0x4 CMakeFiles/sd_fat_spi.dir/home/tarek/pico-sdk/src/rp2_common/pico_stdio_usb/reset_interface.c.obj
 .text.resetd_control_xfer_cb
                0x00000000100048e0       0x64 CMakeFiles/sd_fat_spi.dir/home/tarek/pico-sdk/src/rp2_common/pico_stdio_usb/reset_interface.c.obj
 .text.usbd_app_driver_get_cb
                0x0000000010004944        0xc CMakeFiles/sd_fat_spi.dir/home/tarek/pico-sdk/src/rp2_common/pico_stdio_usb/reset_interface.c.obj
                0x0000000010004944                usbd_app_driver_get_cb
 .text.tud_cdc_line_coding_cb
                0x0000000010004950       0x34 CMakeFiles/sd_fat_spi.dir/home/tarek/pico-sdk/src/rp2_common/pico_stdio_usb/reset_interface.c.obj
                0x0000000010004950                tud_cdc_line_coding_cb
 .text.stdio_usb_set_chars_available_callback
                0x0000000010004984       0x14 CMakeFiles/sd_fat_spi.dir/home/tarek/pico-sdk/src/rp2_common/pico_stdio_usb/stdio_usb.c.obj
                0x0000000010004984                stdio_usb_set_chars_available_callback
 .text.usb_irq  0x0000000010004998       0x10 CMakeFiles/sd_fat_spi.dir/home/tarek/pico-sdk/src/rp2_common/pico_stdio_usb/stdio_usb.c.obj
 .text.timer_task
                0x00000000100049a8       0x54 CMakeFiles/sd_fat_spi.dir/home/tarek/pico-sdk/src/rp2_common/pico_stdio_usb/stdio_usb.c.obj
 .text.stdio_usb_in_chars
                0x00000000100049fc       0x90 CMakeFiles/sd_fat_spi.dir/home/tarek/pico-sdk/src/rp2_common/pico_stdio_usb/stdio_usb.c.obj
                0x00000000100049fc                stdio_usb_in_chars
 .text.stdio_usb_out_chars
                0x0000000010004a8c      0x100 CMakeFiles/sd_fat_spi.dir/home/tarek/pico-sdk/src/rp2_common/pico_stdio_usb/stdio_usb.c.obj
 .text.low_priority_worker_irq
                0x0000000010004b8c       0xa8 CMakeFiles/sd_fat_spi.dir/home/tarek/pico-sdk/src/rp2_common/pico_stdio_usb/stdio_usb.c.obj
 .text.tud_cdc_rx_cb
                0x0000000010004c34       0x20 CMakeFiles/sd_fat_spi.dir/home/tarek/pico-sdk/src/rp2_common/pico_stdio_usb/stdio_usb.c.obj
                0x0000000010004c34                tud_cdc_rx_cb
 .text.stdio_usb_init
                0x0000000010004c54       0xdc CMakeFiles/sd_fat_spi.dir/home/tarek/pico-sdk/src/rp2_common/pico_stdio_usb/stdio_usb.c.obj
                0x0000000010004c54                stdio_usb_init
 .text.tud_descriptor_device_cb
                0x0000000010004d30        0x8 CMakeFiles/sd_fat_spi.dir/home/tarek/pico-sdk/src/rp2_common/pico_stdio_usb/stdio_usb_descriptors.c.obj
                0x0000000010004d30                tud_descriptor_device_cb
 .text.tud_descriptor_configuration_cb
                0x0000000010004d38        0x8 CMakeFiles/sd_fat_spi.dir/home/tarek/pico-sdk/src/rp2_common/pico_stdio_usb/stdio_usb_descriptors.c.obj
                0x0000000010004d38                tud_descriptor_configuration_cb
 .text.tud_descriptor_string_cb
                0x0000000010004d40       0x74 CMakeFiles/sd_fat_spi.dir/home/tarek/pico-sdk/src/rp2_common/pico_stdio_usb/stdio_usb_descriptors.c.obj
                0x0000000010004d40                tud_descriptor_string_cb
 .text.startup._retrieve_unique_id_on_boot
                0x0000000010004db4       0x10 CMakeFiles/sd_fat_spi.dir/home/tarek/pico-sdk/src/rp2_common/pico_unique_id/unique_id.c.obj
 .text.pico_get_unique_board_id_string
                0x0000000010004dc4      0x1a8 CMakeFiles/sd_fat_spi.dir/home/tarek/pico-sdk/src/rp2_common/pico_unique_id/unique_id.c.obj
                0x0000000010004dc4                pico_get_unique_board_id_string
 .text.flash_get_unique_id
                0x0000000010004f6c       0x40 CMakeFiles/sd_fat_spi.dir/home/tarek/pico-sdk/src/rp2_common/hardware_flash/flash.c.obj
                0x0000000010004f6c                flash_get_unique_id
 .text.dcd_int_enable
                0x0000000010004fac        0xc CMakeFiles/sd_fat_spi.dir/home/tarek/pico-sdk/lib/tinyusb/src/portable/raspberrypi/rp2040/dcd_rp2040.c.obj
                0x0000000010004fac                dcd_int_enable
 .text.dcd_set_address
                0x0000000010004fb8       0x14 CMakeFiles/sd_fat_spi.dir/home/tarek/pico-sdk/lib/tinyusb/src/portable/raspberrypi/rp2040/dcd_rp2040.c.obj
                0x0000000010004fb8                dcd_set_address
 .text.dcd_connect
                0x0000000010004fcc       0x10 CMakeFiles/sd_fat_spi.dir/home/tarek/pico-sdk/lib/tinyusb/src/portable/raspberrypi/rp2040/dcd_rp2040.c.obj
                0x0000000010004fcc                dcd_connect
 .text.dcd_init
                0x0000000010004fdc       0x98 CMakeFiles/sd_fat_spi.dir/home/tarek/pico-sdk/lib/tinyusb/src/portable/raspberrypi/rp2040/dcd_rp2040.c.obj
                0x0000000010004fdc                dcd_init
 .text.dcd_edpt0_status_complete
                0x0000000010005074       0x1c CMakeFiles/sd_fat_spi.dir/home/tarek/pico-sdk/lib/tinyusb/src/portable/raspberrypi/rp2040/dcd_rp2040.c.obj
                0x0000000010005074                dcd_edpt0_status_complete
 .text.dcd_edpt_open
                0x0000000010005090      0x108 CMakeFiles/sd_fat_spi.dir/home/tarek/pico-sdk/lib/tinyusb/src/portable/raspberrypi/rp2040/dcd_rp2040.c.obj
                0x0000000010005090                dcd_edpt_open
 .text.dcd_edpt_close_all
                0x0000000010005198        0x8 CMakeFiles/sd_fat_spi.dir/home/tarek/pico-sdk/lib/tinyusb/src/portable/raspberrypi/rp2040/dcd_rp2040.c.obj
                0x0000000010005198                dcd_edpt_close_all
 .text.dcd_edpt_xfer
                0x00000000100051a0       0x24 CMakeFiles/sd_fat_spi.dir/home/tarek/pico-sdk/lib/tinyusb/src/portable/raspberrypi/rp2040/dcd_rp2040.c.obj
                0x00000000100051a0                dcd_edpt_xfer
 .text.dcd_edpt_stall
                0x00000000100051c4       0x38 CMakeFiles/sd_fat_spi.dir/home/tarek/pico-sdk/lib/tinyusb/src/portable/raspberrypi/rp2040/dcd_rp2040.c.obj
                0x00000000100051c4                dcd_edpt_stall
 .text.dcd_edpt_clear_stall
                0x00000000100051fc       0x30 CMakeFiles/sd_fat_spi.dir/home/tarek/pico-sdk/lib/tinyusb/src/portable/raspberrypi/rp2040/dcd_rp2040.c.obj
                0x00000000100051fc                dcd_edpt_clear_stall
 .text.rp2040_usb_init
                0x000000001000522c       0x4c CMakeFiles/sd_fat_spi.dir/home/tarek/pico-sdk/lib/tinyusb/src/portable/raspberrypi/rp2040/rp2040_usb.c.obj
                0x000000001000522c                rp2040_usb_init
 .text.hw_endpoint_xfer_start
                0x0000000010005278       0x50 CMakeFiles/sd_fat_spi.dir/home/tarek/pico-sdk/lib/tinyusb/src/portable/raspberrypi/rp2040/rp2040_usb.c.obj
                0x0000000010005278                hw_endpoint_xfer_start
 .text.tud_mounted
                0x00000000100052c8       0x10 CMakeFiles/sd_fat_spi.dir/home/tarek/pico-sdk/lib/tinyusb/src/device/usbd.c.obj
                0x00000000100052c8                tud_mounted
 .text.tud_suspended
                0x00000000100052d8       0x10 CMakeFiles/sd_fat_spi.dir/home/tarek/pico-sdk/lib/tinyusb/src/device/usbd.c.obj
                0x00000000100052d8                tud_suspended
 .text.tud_inited
                0x00000000100052e8       0x14 CMakeFiles/sd_fat_spi.dir/home/tarek/pico-sdk/lib/tinyusb/src/device/usbd.c.obj
                0x00000000100052e8                tud_inited
 .text.tud_init
                0x00000000100052fc       0xe4 CMakeFiles/sd_fat_spi.dir/home/tarek/pico-sdk/lib/tinyusb/src/device/usbd.c.obj
                0x00000000100052fc                tud_init
 .text.tud_task_ext
                0x00000000100053e0      0x854 CMakeFiles/sd_fat_spi.dir/home/tarek/pico-sdk/lib/tinyusb/src/device/usbd.c.obj
                0x00000000100053e0                tud_task_ext
 .text.usbd_open_edpt_pair
                0x0000000010005c34       0x9c CMakeFiles/sd_fat_spi.dir/home/tarek/pico-sdk/lib/tinyusb/src/device/usbd.c.obj
                0x0000000010005c34                usbd_open_edpt_pair
 .text.usbd_defer_func
                0x0000000010005cd0       0x48 CMakeFiles/sd_fat_spi.dir/home/tarek/pico-sdk/lib/tinyusb/src/device/usbd.c.obj
                0x0000000010005cd0                usbd_defer_func
 .text.usbd_edpt_open
                0x0000000010005d18       0x34 CMakeFiles/sd_fat_spi.dir/home/tarek/pico-sdk/lib/tinyusb/src/device/usbd.c.obj
                0x0000000010005d18                usbd_edpt_open
 .text.usbd_edpt_claim
                0x0000000010005d4c       0x28 CMakeFiles/sd_fat_spi.dir/home/tarek/pico-sdk/lib/tinyusb/src/device/usbd.c.obj
                0x0000000010005d4c                usbd_edpt_claim
 .text.usbd_edpt_release
                0x0000000010005d74       0x28 CMakeFiles/sd_fat_spi.dir/home/tarek/pico-sdk/lib/tinyusb/src/device/usbd.c.obj
                0x0000000010005d74                usbd_edpt_release
 .text.usbd_edpt_xfer
                0x0000000010005d9c       0x4c CMakeFiles/sd_fat_spi.dir/home/tarek/pico-sdk/lib/tinyusb/src/device/usbd.c.obj
                0x0000000010005d9c                usbd_edpt_xfer
 .text.tud_control_status
                0x0000000010005de8       0x30 CMakeFiles/sd_fat_spi.dir/home/tarek/pico-sdk/lib/tinyusb/src/device/usbd_control.c.obj
                0x0000000010005de8                tud_control_status
 .text.tud_control_xfer
                0x0000000010005e18       0xbc CMakeFiles/sd_fat_spi.dir/home/tarek/pico-sdk/lib/tinyusb/src/device/usbd_control.c.obj
                0x0000000010005e18                tud_control_xfer
 .text.usbd_control_reset
                0x0000000010005ed4       0x14 CMakeFiles/sd_fat_spi.dir/home/tarek/pico-sdk/lib/tinyusb/src/device/usbd_control.c.obj
                0x0000000010005ed4                usbd_control_reset
 .text.usbd_control_set_complete_callback
                0x0000000010005ee8        0xc CMakeFiles/sd_fat_spi.dir/home/tarek/pico-sdk/lib/tinyusb/src/device/usbd_control.c.obj
                0x0000000010005ee8                usbd_control_set_complete_callback
 .text.usbd_control_set_request
                0x0000000010005ef4       0x1c CMakeFiles/sd_fat_spi.dir/home/tarek/pico-sdk/lib/tinyusb/src/device/usbd_control.c.obj
                0x0000000010005ef4                usbd_control_set_request
 .text.usbd_control_xfer_cb
                0x0000000010005f10       0xfc CMakeFiles/sd_fat_spi.dir/home/tarek/pico-sdk/lib/tinyusb/src/device/usbd_control.c.obj
                0x0000000010005f10                usbd_control_xfer_cb
 .text.tud_cdc_n_connected
                0x000000001000600c       0x30 CMakeFiles/sd_fat_spi.dir/home/tarek/pico-sdk/lib/tinyusb/src/class/cdc/cdc_device.c.obj
                0x000000001000600c                tud_cdc_n_connected
 .text.tud_cdc_n_available
                0x000000001000603c       0x18 CMakeFiles/sd_fat_spi.dir/home/tarek/pico-sdk/lib/tinyusb/src/class/cdc/cdc_device.c.obj
                0x000000001000603c                tud_cdc_n_available
 .text.tud_cdc_n_read
                0x0000000010006054       0x70 CMakeFiles/sd_fat_spi.dir/home/tarek/pico-sdk/lib/tinyusb/src/class/cdc/cdc_device.c.obj
                0x0000000010006054                tud_cdc_n_read
 .text.tud_cdc_n_write_flush
                0x00000000100060c4       0x78 CMakeFiles/sd_fat_spi.dir/home/tarek/pico-sdk/lib/tinyusb/src/class/cdc/cdc_device.c.obj
                0x00000000100060c4                tud_cdc_n_write_flush
 .text.tud_cdc_n_write
                0x000000001000613c       0x34 CMakeFiles/sd_fat_spi.dir/home/tarek/pico-sdk/lib/tinyusb/src/class/cdc/cdc_device.c.obj
                0x000000001000613c                tud_cdc_n_write
 .text.tud_cdc_n_write_available
                0x0000000010006170       0x18 CMakeFiles/sd_fat_spi.dir/home/tarek/pico-sdk/lib/tinyusb/src/class/cdc/cdc_device.c.obj
                0x0000000010006170                tud_cdc_n_write_available
 .text.cdcd_init
                0x0000000010006188       0x7c CMakeFiles/sd_fat_spi.dir/home/tarek/pico-sdk/lib/tinyusb/src/class/cdc/cdc_device.c.obj
                0x0000000010006188                cdcd_init
 .text.cdcd_reset
                0x0000000010006204       0x2c CMakeFiles/sd_fat_spi.dir/home/tarek/pico-sdk/lib/tinyusb/src/class/cdc/cdc_device.c.obj
                0x0000000010006204                cdcd_reset
 .text.cdcd_open
                0x0000000010006230       0xe8 CMakeFiles/sd_fat_spi.dir/home/tarek/pico-sdk/lib/tinyusb/src/class/cdc/cdc_device.c.obj
                0x0000000010006230                cdcd_open
 .text.cdcd_control_xfer_cb
                0x0000000010006318       0xe4 CMakeFiles/sd_fat_spi.dir/home/tarek/pico-sdk/lib/tinyusb/src/class/cdc/cdc_device.c.obj
                0x0000000010006318                cdcd_control_xfer_cb
 .text.cdcd_xfer_cb
                0x00000000100063fc      0x148 CMakeFiles/sd_fat_spi.dir/home/tarek/pico-sdk/lib/tinyusb/src/class/cdc/cdc_device.c.obj
                0x00000000100063fc                cdcd_xfer_cb
 .text.tusb_init
                0x0000000010006544        0xc CMakeFiles/sd_fat_spi.dir/home/tarek/pico-sdk/lib/tinyusb/src/tusb.c.obj
                0x0000000010006544                tusb_init
 .text.tusb_inited
                0x0000000010006550        0x8 CMakeFiles/sd_fat_spi.dir/home/tarek/pico-sdk/lib/tinyusb/src/tusb.c.obj
                0x0000000010006550                tusb_inited
 .text.tu_edpt_claim
                0x0000000010006558       0x50 CMakeFiles/sd_fat_spi.dir/home/tarek/pico-sdk/lib/tinyusb/src/tusb.c.obj
                0x0000000010006558                tu_edpt_claim
 .text.tu_edpt_release
                0x00000000100065a8       0x38 CMakeFiles/sd_fat_spi.dir/home/tarek/pico-sdk/lib/tinyusb/src/tusb.c.obj
                0x00000000100065a8                tu_edpt_release
 .text.tu_edpt_validate
                0x00000000100065e0       0x78 CMakeFiles/sd_fat_spi.dir/home/tarek/pico-sdk/lib/tinyusb/src/tusb.c.obj
                0x00000000100065e0                tu_edpt_validate
 .text.tu_edpt_bind_driver
                0x0000000010006658       0x34 CMakeFiles/sd_fat_spi.dir/home/tarek/pico-sdk/lib/tinyusb/src/tusb.c.obj
                0x0000000010006658                tu_edpt_bind_driver
 .text.tu_fifo_config
                0x000000001000668c       0x70 CMakeFiles/sd_fat_spi.dir/home/tarek/pico-sdk/lib/tinyusb/src/common/tusb_fifo.c.obj
                0x000000001000668c                tu_fifo_config
 .text.tu_fifo_count
                0x00000000100066fc       0x2c CMakeFiles/sd_fat_spi.dir/home/tarek/pico-sdk/lib/tinyusb/src/common/tusb_fifo.c.obj
                0x00000000100066fc                tu_fifo_count
 .text.tu_fifo_empty
                0x0000000010006728       0x10 CMakeFiles/sd_fat_spi.dir/home/tarek/pico-sdk/lib/tinyusb/src/common/tusb_fifo.c.obj
                0x0000000010006728                tu_fifo_empty
 .text.tu_fifo_remaining
                0x0000000010006738       0x2c CMakeFiles/sd_fat_spi.dir/home/tarek/pico-sdk/lib/tinyusb/src/common/tusb_fifo.c.obj
                0x0000000010006738                tu_fifo_remaining
 .text.tu_fifo_read
                0x0000000010006764       0xa0 CMakeFiles/sd_fat_spi.dir/home/tarek/pico-sdk/lib/tinyusb/src/common/tusb_fifo.c.obj
                0x0000000010006764                tu_fifo_read
 .text.tu_fifo_read_n
                0x0000000010006804       0xec CMakeFiles/sd_fat_spi.dir/home/tarek/pico-sdk/lib/tinyusb/src/common/tusb_fifo.c.obj
                0x0000000010006804                tu_fifo_read_n
 .text.tu_fifo_write
                0x00000000100068f0       0x88 CMakeFiles/sd_fat_spi.dir/home/tarek/pico-sdk/lib/tinyusb/src/common/tusb_fifo.c.obj
                0x00000000100068f0                tu_fifo_write
 .text.tu_fifo_write_n
                0x0000000010006978      0x168 CMakeFiles/sd_fat_spi.dir/home/tarek/pico-sdk/lib/tinyusb/src/common/tusb_fifo.c.obj
                0x0000000010006978                tu_fifo_write_n
 .text.tu_fifo_clear
                0x0000000010006ae0       0x40 CMakeFiles/sd_fat_spi.dir/home/tarek/pico-sdk/lib/tinyusb/src/common/tusb_fifo.c.obj
                0x0000000010006ae0                tu_fifo_clear
 .text.tu_fifo_set_overwritable
                0x0000000010006b20       0x48 CMakeFiles/sd_fat_spi.dir/home/tarek/pico-sdk/lib/tinyusb/src/common/tusb_fifo.c.obj
                0x0000000010006b20                tu_fifo_set_overwritable
 .text.ff_memalloc
                0x0000000010006b68        0x8 CMakeFiles/sd_fat_spi.dir/lib/no-OS-FatFS-SD-SPI-RPi-Pico/FatFs_SPI/ff15/source/ffsystem.c.obj
                0x0000000010006b68                ff_memalloc
 .text.ff_memfree
                0x0000000010006b70        0x8 CMakeFiles/sd_fat_spi.dir/lib/no-OS-FatFS-SD-SPI-RPi-Pico/FatFs_SPI/ff15/source/ffsystem.c.obj
                0x0000000010006b70                ff_memfree
 .text.ff_uni2oem
                0x0000000010006b78       0x40 CMakeFiles/sd_fat_spi.dir/lib/no-OS-FatFS-SD-SPI-RPi-Pico/FatFs_SPI/ff15/source/ffunicode.c.obj
                0x0000000010006b78                ff_uni2oem
 .text.ff_wtoupper
                0x0000000010006bb8       0xb8 CMakeFiles/sd_fat_spi.dir/lib/no-OS-FatFS-SD-SPI-RPi-Pico/FatFs_SPI/ff15/source/ffunicode.c.obj
                0x0000000010006bb8                ff_wtoupper
 .text.tchar2uni
                0x0000000010006c70       0xe8 CMakeFiles/sd_fat_spi.dir/lib/no-OS-FatFS-SD-SPI-RPi-Pico/FatFs_SPI/ff15/source/ff.c.obj
 .text.inc_share
                0x0000000010006d58      0x384 CMakeFiles/sd_fat_spi.dir/lib/no-OS-FatFS-SD-SPI-RPi-Pico/FatFs_SPI/ff15/source/ff.c.obj
 .text.dir_clear
                0x00000000100070dc      0x1a8 CMakeFiles/sd_fat_spi.dir/lib/no-OS-FatFS-SD-SPI-RPi-Pico/FatFs_SPI/ff15/source/ff.c.obj
 .text.init_alloc_info.isra.0
                0x0000000010007284       0x6c CMakeFiles/sd_fat_spi.dir/lib/no-OS-FatFS-SD-SPI-RPi-Pico/FatFs_SPI/ff15/source/ff.c.obj
 .text.move_window.part.0
                0x00000000100072f0       0xa8 CMakeFiles/sd_fat_spi.dir/lib/no-OS-FatFS-SD-SPI-RPi-Pico/FatFs_SPI/ff15/source/ff.c.obj
 .text.change_bitmap
                0x0000000010007398       0xe8 CMakeFiles/sd_fat_spi.dir/lib/no-OS-FatFS-SD-SPI-RPi-Pico/FatFs_SPI/ff15/source/ff.c.obj
 .text.put_fat.part.0
                0x0000000010007480      0x1b8 CMakeFiles/sd_fat_spi.dir/lib/no-OS-FatFS-SD-SPI-RPi-Pico/FatFs_SPI/ff15/source/ff.c.obj
 .text.get_fat  0x0000000010007638      0x204 CMakeFiles/sd_fat_spi.dir/lib/no-OS-FatFS-SD-SPI-RPi-Pico/FatFs_SPI/ff15/source/ff.c.obj
 .text.dir_next.constprop.0
                0x000000001000783c       0xc8 CMakeFiles/sd_fat_spi.dir/lib/no-OS-FatFS-SD-SPI-RPi-Pico/FatFs_SPI/ff15/source/ff.c.obj
 .text.sync_fs  0x0000000010007904      0x12c CMakeFiles/sd_fat_spi.dir/lib/no-OS-FatFS-SD-SPI-RPi-Pico/FatFs_SPI/ff15/source/ff.c.obj
 .text.check_fs
                0x0000000010007a30      0x188 CMakeFiles/sd_fat_spi.dir/lib/no-OS-FatFS-SD-SPI-RPi-Pico/FatFs_SPI/ff15/source/ff.c.obj
 .text.mount_volume
                0x0000000010007bb8      0xb5c CMakeFiles/sd_fat_spi.dir/lib/no-OS-FatFS-SD-SPI-RPi-Pico/FatFs_SPI/ff15/source/ff.c.obj
 .text.load_xdir
                0x0000000010008714      0x208 CMakeFiles/sd_fat_spi.dir/lib/no-OS-FatFS-SD-SPI-RPi-Pico/FatFs_SPI/ff15/source/ff.c.obj
 .text.dir_read.constprop.0
                0x000000001000891c      0x5bc CMakeFiles/sd_fat_spi.dir/lib/no-OS-FatFS-SD-SPI-RPi-Pico/FatFs_SPI/ff15/source/ff.c.obj
 .text.dir_sdi  0x0000000010008ed8      0x364 CMakeFiles/sd_fat_spi.dir/lib/no-OS-FatFS-SD-SPI-RPi-Pico/FatFs_SPI/ff15/source/ff.c.obj
 .text.store_xdir
                0x000000001000923c      0x1ac CMakeFiles/sd_fat_spi.dir/lib/no-OS-FatFS-SD-SPI-RPi-Pico/FatFs_SPI/ff15/source/ff.c.obj
 .text.dir_find
                0x00000000100093e8      0x3bc CMakeFiles/sd_fat_spi.dir/lib/no-OS-FatFS-SD-SPI-RPi-Pico/FatFs_SPI/ff15/source/ff.c.obj
 .text.follow_path
                0x00000000100097a4      0x5f4 CMakeFiles/sd_fat_spi.dir/lib/no-OS-FatFS-SD-SPI-RPi-Pico/FatFs_SPI/ff15/source/ff.c.obj
 .text.create_chain
                0x0000000010009d98      0x55c CMakeFiles/sd_fat_spi.dir/lib/no-OS-FatFS-SD-SPI-RPi-Pico/FatFs_SPI/ff15/source/ff.c.obj
 .text.dir_alloc
                0x000000001000a2f4      0x238 CMakeFiles/sd_fat_spi.dir/lib/no-OS-FatFS-SD-SPI-RPi-Pico/FatFs_SPI/ff15/source/ff.c.obj
 .text.dir_register
                0x000000001000a52c      0xaac CMakeFiles/sd_fat_spi.dir/lib/no-OS-FatFS-SD-SPI-RPi-Pico/FatFs_SPI/ff15/source/ff.c.obj
 .text.remove_chain
                0x000000001000afd8      0x3ac CMakeFiles/sd_fat_spi.dir/lib/no-OS-FatFS-SD-SPI-RPi-Pico/FatFs_SPI/ff15/source/ff.c.obj
 .text.f_mount  0x000000001000b384      0x1c8 CMakeFiles/sd_fat_spi.dir/lib/no-OS-FatFS-SD-SPI-RPi-Pico/FatFs_SPI/ff15/source/ff.c.obj
                0x000000001000b384                f_mount
 .text.f_open   0x000000001000b54c      0x814 CMakeFiles/sd_fat_spi.dir/lib/no-OS-FatFS-SD-SPI-RPi-Pico/FatFs_SPI/ff15/source/ff.c.obj
                0x000000001000b54c                f_open
 .text.f_read   0x000000001000bd60      0x2a4 CMakeFiles/sd_fat_spi.dir/lib/no-OS-FatFS-SD-SPI-RPi-Pico/FatFs_SPI/ff15/source/ff.c.obj
                0x000000001000bd60                f_read
 .text.f_write  0x000000001000c004      0x300 CMakeFiles/sd_fat_spi.dir/lib/no-OS-FatFS-SD-SPI-RPi-Pico/FatFs_SPI/ff15/source/ff.c.obj
                0x000000001000c004                f_write
 .text.putc_bfd
                0x000000001000c304      0x180 CMakeFiles/sd_fat_spi.dir/lib/no-OS-FatFS-SD-SPI-RPi-Pico/FatFs_SPI/ff15/source/ff.c.obj
 .text.putc_bfd.constprop.0
                0x000000001000c484      0x12c CMakeFiles/sd_fat_spi.dir/lib/no-OS-FatFS-SD-SPI-RPi-Pico/FatFs_SPI/ff15/source/ff.c.obj
 .text.f_sync   0x000000001000c5b0      0x2ec CMakeFiles/sd_fat_spi.dir/lib/no-OS-FatFS-SD-SPI-RPi-Pico/FatFs_SPI/ff15/source/ff.c.obj
                0x000000001000c5b0                f_sync
 .text.f_close  0x000000001000c89c       0x78 CMakeFiles/sd_fat_spi.dir/lib/no-OS-FatFS-SD-SPI-RPi-Pico/FatFs_SPI/ff15/source/ff.c.obj
                0x000000001000c89c                f_close
 .text.f_gets   0x000000001000c914      0x360 CMakeFiles/sd_fat_spi.dir/lib/no-OS-FatFS-SD-SPI-RPi-Pico/FatFs_SPI/ff15/source/ff.c.obj
                0x000000001000c914                f_gets
 .text.f_printf
                0x000000001000cc74      0xc84 CMakeFiles/sd_fat_spi.dir/lib/no-OS-FatFS-SD-SPI-RPi-Pico/FatFs_SPI/ff15/source/ff.c.obj
                0x000000001000cc74                f_printf
 .text.sd_spi_go_high_frequency
                0x000000001000d8f8       0x10 CMakeFiles/sd_fat_spi.dir/lib/no-OS-FatFS-SD-SPI-RPi-Pico/FatFs_SPI/sd_driver/sd_spi.c.obj
                0x000000001000d8f8                sd_spi_go_high_frequency
 .text.sd_spi_go_low_frequency
                0x000000001000d908       0x14 CMakeFiles/sd_fat_spi.dir/lib/no-OS-FatFS-SD-SPI-RPi-Pico/FatFs_SPI/sd_driver/sd_spi.c.obj
                0x000000001000d908                sd_spi_go_low_frequency
 .text.sd_spi_deselect_pulse
                0x000000001000d91c       0x44 CMakeFiles/sd_fat_spi.dir/lib/no-OS-FatFS-SD-SPI-RPi-Pico/FatFs_SPI/sd_driver/sd_spi.c.obj
                0x000000001000d91c                sd_spi_deselect_pulse
 .text.sd_spi_acquire
                0x000000001000d960       0x30 CMakeFiles/sd_fat_spi.dir/lib/no-OS-FatFS-SD-SPI-RPi-Pico/FatFs_SPI/sd_driver/sd_spi.c.obj
                0x000000001000d960                sd_spi_acquire
 .text.sd_spi_release
                0x000000001000d990       0x30 CMakeFiles/sd_fat_spi.dir/lib/no-OS-FatFS-SD-SPI-RPi-Pico/FatFs_SPI/sd_driver/sd_spi.c.obj
                0x000000001000d990                sd_spi_release
 .text.sd_spi_transfer
                0x000000001000d9c0        0xc CMakeFiles/sd_fat_spi.dir/lib/no-OS-FatFS-SD-SPI-RPi-Pico/FatFs_SPI/sd_driver/sd_spi.c.obj
                0x000000001000d9c0                sd_spi_transfer
 .text.sd_spi_write
                0x000000001000d9cc       0x24 CMakeFiles/sd_fat_spi.dir/lib/no-OS-FatFS-SD-SPI-RPi-Pico/FatFs_SPI/sd_driver/sd_spi.c.obj
                0x000000001000d9cc                sd_spi_write
 .text.sd_spi_send_initializing_sequence
                0x000000001000d9f0       0x7c CMakeFiles/sd_fat_spi.dir/lib/no-OS-FatFS-SD-SPI-RPi-Pico/FatFs_SPI/sd_driver/sd_spi.c.obj
                0x000000001000d9f0                sd_spi_send_initializing_sequence
 .text.spi_lock
                0x000000001000da6c        0xc CMakeFiles/sd_fat_spi.dir/lib/no-OS-FatFS-SD-SPI-RPi-Pico/FatFs_SPI/sd_driver/spi.c.obj
                0x000000001000da6c                spi_lock
 .text.spi_unlock
                0x000000001000da78        0xc CMakeFiles/sd_fat_spi.dir/lib/no-OS-FatFS-SD-SPI-RPi-Pico/FatFs_SPI/sd_driver/spi.c.obj
                0x000000001000da78                spi_unlock
 .text.my_spi_init
                0x000000001000da84      0x1bc CMakeFiles/sd_fat_spi.dir/lib/no-OS-FatFS-SD-SPI-RPi-Pico/FatFs_SPI/sd_driver/spi.c.obj
                0x000000001000da84                my_spi_init
 .text.sd_sectors_nolock.part.0
                0x000000001000dc40      0x178 CMakeFiles/sd_fat_spi.dir/lib/no-OS-FatFS-SD-SPI-RPi-Pico/FatFs_SPI/sd_driver/sd_card.c.obj
 .text.sd_test_com
                0x000000001000ddb8      0x1c4 CMakeFiles/sd_fat_spi.dir/lib/no-OS-FatFS-SD-SPI-RPi-Pico/FatFs_SPI/sd_driver/sd_card.c.obj
 .text.sd_cmd   0x000000001000df7c      0x33c CMakeFiles/sd_fat_spi.dir/lib/no-OS-FatFS-SD-SPI-RPi-Pico/FatFs_SPI/sd_driver/sd_card.c.obj
 .text.sd_read_blocks
                0x000000001000e2b8      0x17c CMakeFiles/sd_fat_spi.dir/lib/no-OS-FatFS-SD-SPI-RPi-Pico/FatFs_SPI/sd_driver/sd_card.c.obj
                0x000000001000e2b8                sd_read_blocks
 .text.sd_write_blocks
                0x000000001000e434      0x204 CMakeFiles/sd_fat_spi.dir/lib/no-OS-FatFS-SD-SPI-RPi-Pico/FatFs_SPI/sd_driver/sd_card.c.obj
                0x000000001000e434                sd_write_blocks
 .text.sd_init  0x000000001000e638      0x238 CMakeFiles/sd_fat_spi.dir/lib/no-OS-FatFS-SD-SPI-RPi-Pico/FatFs_SPI/sd_driver/sd_card.c.obj
 .text.sd_card_detect
                0x000000001000e870       0x44 CMakeFiles/sd_fat_spi.dir/lib/no-OS-FatFS-SD-SPI-RPi-Pico/FatFs_SPI/sd_driver/sd_card.c.obj
                0x000000001000e870                sd_card_detect
 .text.sd_sectors
                0x000000001000e8b4       0x4c CMakeFiles/sd_fat_spi.dir/lib/no-OS-FatFS-SD-SPI-RPi-Pico/FatFs_SPI/sd_driver/sd_card.c.obj
                0x000000001000e8b4                sd_sectors
 .text.sd_init_driver
                0x000000001000e900      0x108 CMakeFiles/sd_fat_spi.dir/lib/no-OS-FatFS-SD-SPI-RPi-Pico/FatFs_SPI/sd_driver/sd_card.c.obj
                0x000000001000e900                sd_init_driver
 .text.crc7     0x000000001000ea08       0x28 CMakeFiles/sd_fat_spi.dir/lib/no-OS-FatFS-SD-SPI-RPi-Pico/FatFs_SPI/sd_driver/crc.c.obj
                0x000000001000ea08                crc7
 .text.crc16    0x000000001000ea30       0x30 CMakeFiles/sd_fat_spi.dir/lib/no-OS-FatFS-SD-SPI-RPi-Pico/FatFs_SPI/sd_driver/crc.c.obj
                0x000000001000ea30                crc16
 .text.disk_status
                0x000000001000ea60       0x18 CMakeFiles/sd_fat_spi.dir/lib/no-OS-FatFS-SD-SPI-RPi-Pico/FatFs_SPI/src/glue.c.obj
                0x000000001000ea60                disk_status
 .text.disk_initialize
                0x000000001000ea78       0x2c CMakeFiles/sd_fat_spi.dir/lib/no-OS-FatFS-SD-SPI-RPi-Pico/FatFs_SPI/src/glue.c.obj
                0x000000001000ea78                disk_initialize
 .text.disk_read
                0x000000001000eaa4       0x74 CMakeFiles/sd_fat_spi.dir/lib/no-OS-FatFS-SD-SPI-RPi-Pico/FatFs_SPI/src/glue.c.obj
                0x000000001000eaa4                disk_read
 .text.disk_write
                0x000000001000eb18       0x74 CMakeFiles/sd_fat_spi.dir/lib/no-OS-FatFS-SD-SPI-RPi-Pico/FatFs_SPI/src/glue.c.obj
                0x000000001000eb18                disk_write
 .text.disk_ioctl
                0x000000001000eb8c       0x3c CMakeFiles/sd_fat_spi.dir/lib/no-OS-FatFS-SD-SPI-RPi-Pico/FatFs_SPI/src/glue.c.obj
                0x000000001000eb8c                disk_ioctl
 .text.get_fattime
                0x000000001000ebc8       0x6c CMakeFiles/sd_fat_spi.dir/lib/no-OS-FatFS-SD-SPI-RPi-Pico/FatFs_SPI/src/rtc.c.obj
                0x000000001000ebc8                get_fattime
 .text.spi_init
                0x000000001000ec34      0x138 CMakeFiles/sd_fat_spi.dir/home/tarek/pico-sdk/src/rp2_common/hardware_spi/spi.c.obj
                0x000000001000ec34                spi_init
 .text.spi_set_baudrate
                0x000000001000ed6c       0xc0 CMakeFiles/sd_fat_spi.dir/home/tarek/pico-sdk/src/rp2_common/hardware_spi/spi.c.obj
                0x000000001000ed6c                spi_set_baudrate
 .text.dma_claim_unused_channel
                0x000000001000ee2c       0x20 CMakeFiles/sd_fat_spi.dir/home/tarek/pico-sdk/src/rp2_common/hardware_dma/dma.c.obj
                0x000000001000ee2c                dma_claim_unused_channel
 .text.rtc_get_datetime
                0x000000001000ee4c       0x44 CMakeFiles/sd_fat_spi.dir/home/tarek/pico-sdk/src/rp2_common/hardware_rtc/rtc.c.obj
                0x000000001000ee4c                rtc_get_datetime
 .text          0x000000001000ee90      0x260 /usr/lib/gcc/arm-none-eabi/10.3.1/../../../arm-none-eabi/lib/thumb/v6-m/nofp/libc.a(lib_a-freer.o)
                0x000000001000ee90                _malloc_trim_r
                0x000000001000ef2c                _free_r
 .text          0x000000001000f0f0       0x28 /usr/lib/gcc/arm-none-eabi/10.3.1/../../../arm-none-eabi/lib/thumb/v6-m/nofp/libc.a(lib_a-malloc.o)
                0x000000001000f0f0                malloc
                0x000000001000f104                free
 .text          0x000000001000f118      0x574 /usr/lib/gcc/arm-none-eabi/10.3.1/../../../arm-none-eabi/lib/thumb/v6-m/nofp/libc.a(lib_a-mallocr.o)
                0x000000001000f118                _malloc_r
 .text          0x000000001000f68c        0x8 /usr/lib/gcc/arm-none-eabi/10.3.1/../../../arm-none-eabi/lib/thumb/v6-m/nofp/libc.a(lib_a-mlock.o)
                0x000000001000f68c                __malloc_lock
                0x000000001000f690                __malloc_unlock
 .text          0x000000001000f694       0x24 /usr/lib/gcc/arm-none-eabi/10.3.1/../../../arm-none-eabi/lib/thumb/v6-m/nofp/libc.a(lib_a-sbrkr.o)
                0x000000001000f694                _sbrk_r
 .text          0x000000001000f6b8       0xc0 /usr/lib/gcc/arm-none-eabi/10.3.1/../../../arm-none-eabi/lib/thumb/v6-m/nofp/libc.a(lib_a-strchr.o)
                0x000000001000f6b8                strchr
 .text          0x000000001000f778       0x5c /usr/lib/gcc/arm-none-eabi/10.3.1/../../../arm-none-eabi/lib/thumb/v6-m/nofp/libc.a(lib_a-strlen-stub.o)
                0x000000001000f778                strlen
 *(.fini)
 .fini          0x000000001000f7d4        0x4 /usr/lib/gcc/arm-none-eabi/10.3.1/thumb/v6-m/nofp/crti.o
                0x000000001000f7d4                _fini
 .fini.__stub   0x000000001000f7d8      0x110 linker stubs
 *crtbegin.o(.ctors)
 *crtbegin?.o(.ctors)
 *(EXCLUDE_FILE(*crtend.o *crtend?.o) .ctors)
 *(SORT_BY_NAME(.ctors.*))
 *(.ctors)
 *crtbegin.o(.dtors)
 *crtbegin?.o(.dtors)
 *(EXCLUDE_FILE(*crtend.o *crtend?.o) .dtors)
 *(SORT_BY_NAME(.dtors.*))
 *(.dtors)
 *(.eh_frame*)
 .eh_frame      0x000000001000f8e8        0x0 /usr/lib/gcc/arm-none-eabi/10.3.1/thumb/v6-m/nofp/crtbegin.o
                0x000000001000f8e8                . = ALIGN (0x4)

.glue_7         0x000000001000f8e8        0x0
 .glue_7        0x000000001000f8e8        0x0 linker stubs

.glue_7t        0x000000001000f8e8        0x0
 .glue_7t       0x000000001000f8e8        0x0 linker stubs

.vfp11_veneer   0x000000001000f8e8        0x0
 .vfp11_veneer  0x000000001000f8e8        0x0 linker stubs

.v4_bx          0x000000001000f8e8        0x0
 .v4_bx         0x000000001000f8e8        0x0 linker stubs

.iplt           0x000000001000f8e8        0x0
 .iplt          0x000000001000f8e8        0x0 /usr/lib/gcc/arm-none-eabi/10.3.1/thumb/v6-m/nofp/crtbegin.o

.rodata         0x000000001000f8e8      0xf70
 *(EXCLUDE_FILE(*libm.a: *libc.a:*lib_a-mem*.o *libgcc.a:) .rodata*)
 .rodata.main.str1.4
                0x000000001000f8e8      0x15f CMakeFiles/sd_fat_spi.dir/sd.c.obj
 .rodata.str1.4
                0x000000001000fa47        0x3 CMakeFiles/sd_fat_spi.dir/hw_config.c.obj
 *fill*         0x000000001000fa47        0x1 
 .rodata.spin_lock_claim_unused.str1.4
                0x000000001000fa48       0x1b CMakeFiles/sd_fat_spi.dir/home/tarek/pico-sdk/src/rp2_common/hardware_sync/sync.c.obj
 *fill*         0x000000001000fa63        0x1 
 .rodata.user_irq_claim_unused.str1.4
                0x000000001000fa64       0x1b CMakeFiles/sd_fat_spi.dir/home/tarek/pico-sdk/src/rp2_common/hardware_irq/irq.c.obj
 *fill*         0x000000001000fa7f        0x1 
 .rodata.at_the_end_of_time
                0x000000001000fa80        0x8 CMakeFiles/sd_fat_spi.dir/home/tarek/pico-sdk/src/common/pico_time/time.c.obj
                0x000000001000fa80                at_the_end_of_time
 .rodata.hardware_alarm_claim.str1.4
                0x000000001000fa88       0x22 CMakeFiles/sd_fat_spi.dir/home/tarek/pico-sdk/src/rp2_common/hardware_timer/timer.c.obj
 *fill*         0x000000001000faaa        0x2 
 .rodata.panic.str1.4
                0x000000001000faac       0x10 CMakeFiles/sd_fat_spi.dir/home/tarek/pico-sdk/src/rp2_common/pico_runtime/runtime.c.obj
                                         0x12 (size before relaxing)
 .rodata.hard_assertion_failure.str1.4
                0x000000001000fabc        0xc CMakeFiles/sd_fat_spi.dir/home/tarek/pico-sdk/src/rp2_common/pico_runtime/runtime.c.obj
 .rodata._ftoa.str1.4
                0x000000001000fac8       0x15 CMakeFiles/sd_fat_spi.dir/home/tarek/pico-sdk/src/rp2_common/pico_printf/printf.c.obj
 *fill*         0x000000001000fadd        0x3 
 .rodata._vsnprintf
                0x000000001000fae0      0x1e0 CMakeFiles/sd_fat_spi.dir/home/tarek/pico-sdk/src/rp2_common/pico_printf/printf.c.obj
 .rodata.pow10.0
                0x000000001000fcc0       0x50 CMakeFiles/sd_fat_spi.dir/home/tarek/pico-sdk/src/rp2_common/pico_printf/printf.c.obj
 .rodata.__wrap_malloc.str1.4
                0x000000001000fd10        0xe CMakeFiles/sd_fat_spi.dir/home/tarek/pico-sdk/src/rp2_common/pico_malloc/pico_malloc.c.obj
 *fill*         0x000000001000fd1e        0x2 
 .rodata.str1.4
                0x000000001000fd20       0x40 CMakeFiles/sd_fat_spi.dir/home/tarek/pico-sdk/src/rp2_common/pico_standard_link/binary_info.c.obj
 .rodata.__bi_44
                0x000000001000fd60        0xc CMakeFiles/sd_fat_spi.dir/home/tarek/pico-sdk/src/rp2_common/pico_standard_link/binary_info.c.obj
 .rodata.__bi_75
                0x000000001000fd6c        0xc CMakeFiles/sd_fat_spi.dir/home/tarek/pico-sdk/src/rp2_common/pico_standard_link/binary_info.c.obj
 .rodata.__bi_81
                0x000000001000fd78        0xc CMakeFiles/sd_fat_spi.dir/home/tarek/pico-sdk/src/rp2_common/pico_standard_link/binary_info.c.obj
 .rodata.crlf_str.0
                0x000000001000fd84        0x2 CMakeFiles/sd_fat_spi.dir/home/tarek/pico-sdk/src/rp2_common/pico_stdio/stdio.c.obj
 *fill*         0x000000001000fd86        0x2 
 .rodata._resetd_driver
                0x000000001000fd88       0x18 CMakeFiles/sd_fat_spi.dir/home/tarek/pico-sdk/src/rp2_common/pico_stdio_usb/reset_interface.c.obj
 .rodata.str1.4
                0x000000001000fda0       0x13 CMakeFiles/sd_fat_spi.dir/home/tarek/pico-sdk/src/rp2_common/pico_stdio_usb/stdio_usb.c.obj
 *fill*         0x000000001000fdb3        0x1 
 .rodata.__bi_182.0
                0x000000001000fdb4        0xc CMakeFiles/sd_fat_spi.dir/home/tarek/pico-sdk/src/rp2_common/pico_stdio_usb/stdio_usb.c.obj
 .rodata.str1.4
                0x000000001000fdc0       0x2a CMakeFiles/sd_fat_spi.dir/home/tarek/pico-sdk/src/rp2_common/pico_stdio_usb/stdio_usb_descriptors.c.obj
 *fill*         0x000000001000fdea        0x2 
 .rodata.usbd_desc_cfg
                0x000000001000fdec       0x54 CMakeFiles/sd_fat_spi.dir/home/tarek/pico-sdk/src/rp2_common/pico_stdio_usb/stdio_usb_descriptors.c.obj
 .rodata.usbd_desc_device
                0x000000001000fe40       0x12 CMakeFiles/sd_fat_spi.dir/home/tarek/pico-sdk/src/rp2_common/pico_stdio_usb/stdio_usb_descriptors.c.obj
 *fill*         0x000000001000fe52        0x2 
 .rodata.usbd_desc_str
                0x000000001000fe54       0x18 CMakeFiles/sd_fat_spi.dir/home/tarek/pico-sdk/src/rp2_common/pico_stdio_usb/stdio_usb_descriptors.c.obj
 .rodata.str1.4
                0x000000001000fe6c       0x14 CMakeFiles/sd_fat_spi.dir/home/tarek/pico-sdk/lib/tinyusb/src/portable/raspberrypi/rp2040/dcd_rp2040.c.obj
 .rodata.str1.4
                0x000000001000fe80       0x53 CMakeFiles/sd_fat_spi.dir/home/tarek/pico-sdk/lib/tinyusb/src/portable/raspberrypi/rp2040/rp2040_usb.c.obj
 *fill*         0x000000001000fed3        0x1 
 .rodata.tud_task_ext
                0x000000001000fed4       0x8c CMakeFiles/sd_fat_spi.dir/home/tarek/pico-sdk/lib/tinyusb/src/device/usbd.c.obj
 .rodata._usbd_driver
                0x000000001000ff60       0x18 CMakeFiles/sd_fat_spi.dir/home/tarek/pico-sdk/lib/tinyusb/src/device/usbd.c.obj
 .rodata.ff_wtoupper
                0x000000001000ff78       0x24 CMakeFiles/sd_fat_spi.dir/lib/no-OS-FatFS-SD-SPI-RPi-Pico/FatFs_SPI/ff15/source/ffunicode.c.obj
 .rodata.cvt1.1
                0x000000001000ff9c      0x1f2 CMakeFiles/sd_fat_spi.dir/lib/no-OS-FatFS-SD-SPI-RPi-Pico/FatFs_SPI/ff15/source/ffunicode.c.obj
 *fill*         0x000000001001018e        0x2 
 .rodata.cvt2.0
                0x0000000010010190       0xbc CMakeFiles/sd_fat_spi.dir/lib/no-OS-FatFS-SD-SPI-RPi-Pico/FatFs_SPI/ff15/source/ffunicode.c.obj
 .rodata.uc437  0x000000001001024c      0x100 CMakeFiles/sd_fat_spi.dir/lib/no-OS-FatFS-SD-SPI-RPi-Pico/FatFs_SPI/ff15/source/ffunicode.c.obj
 .rodata.check_fs.str1.4
                0x000000001001034c       0x15 CMakeFiles/sd_fat_spi.dir/lib/no-OS-FatFS-SD-SPI-RPi-Pico/FatFs_SPI/ff15/source/ff.c.obj
 *fill*         0x0000000010010361        0x3 
 .rodata.follow_path.str1.4
                0x0000000010010364       0x13 CMakeFiles/sd_fat_spi.dir/lib/no-OS-FatFS-SD-SPI-RPi-Pico/FatFs_SPI/ff15/source/ff.c.obj
 *fill*         0x0000000010010377        0x1 
 .rodata.f_printf.str1.4
                0x0000000010010378        0xb CMakeFiles/sd_fat_spi.dir/lib/no-OS-FatFS-SD-SPI-RPi-Pico/FatFs_SPI/ff15/source/ff.c.obj
 *fill*         0x0000000010010383        0x1 
 .rodata.f_printf
                0x0000000010010384       0xd0 CMakeFiles/sd_fat_spi.dir/lib/no-OS-FatFS-SD-SPI-RPi-Pico/FatFs_SPI/ff15/source/ff.c.obj
 .rodata        0x0000000010010454       0x2c CMakeFiles/sd_fat_spi.dir/lib/no-OS-FatFS-SD-SPI-RPi-Pico/FatFs_SPI/ff15/source/ff.c.obj
 .rodata.ExCvt  0x0000000010010480       0x80 CMakeFiles/sd_fat_spi.dir/lib/no-OS-FatFS-SD-SPI-RPi-Pico/FatFs_SPI/ff15/source/ff.c.obj
 .rodata.GUID_MS_Basic
                0x0000000010010500       0x10 CMakeFiles/sd_fat_spi.dir/lib/no-OS-FatFS-SD-SPI-RPi-Pico/FatFs_SPI/ff15/source/ff.c.obj
 .rodata.LfnOfs
                0x0000000010010510        0xd CMakeFiles/sd_fat_spi.dir/lib/no-OS-FatFS-SD-SPI-RPi-Pico/FatFs_SPI/ff15/source/ff.c.obj
 .rodata.dummy.2
                0x000000001001051d        0x1 CMakeFiles/sd_fat_spi.dir/lib/no-OS-FatFS-SD-SPI-RPi-Pico/FatFs_SPI/sd_driver/spi.c.obj
 *fill*         0x000000001001051e        0x2 
 .rodata.sd_init.str1.4
                0x0000000010010520       0x16 CMakeFiles/sd_fat_spi.dir/lib/no-OS-FatFS-SD-SPI-RPi-Pico/FatFs_SPI/sd_driver/sd_card.c.obj
 *fill*         0x0000000010010536        0x2 
 .rodata.m_Crc16Table
                0x0000000010010538      0x200 CMakeFiles/sd_fat_spi.dir/lib/no-OS-FatFS-SD-SPI-RPi-Pico/FatFs_SPI/sd_driver/crc.c.obj
 .rodata.m_Crc7Table
                0x0000000010010738      0x100 CMakeFiles/sd_fat_spi.dir/lib/no-OS-FatFS-SD-SPI-RPi-Pico/FatFs_SPI/sd_driver/crc.c.obj
 .rodata.dma_claim_unused_channel.str1.4
                0x0000000010010838       0x1e CMakeFiles/sd_fat_spi.dir/home/tarek/pico-sdk/src/rp2_common/hardware_dma/dma.c.obj
                0x0000000010010858                . = ALIGN (0x4)
 *fill*         0x0000000010010856        0x2 
 *(SORT_BY_ALIGNMENT(SORT_BY_NAME(.flashdata*)))
                0x0000000010010858                . = ALIGN (0x4)

.ARM.extab
 *(.ARM.extab* .gnu.linkonce.armextab.*)
                0x0000000010010858                __exidx_start = .

.ARM.exidx
 *(.ARM.exidx* .gnu.linkonce.armexidx.*)
                0x0000000010010858                __exidx_end = .
                0x0000000010010858                . = ALIGN (0x4)
                0x0000000010010858                __binary_info_start = .

.binary_info    0x0000000010010858       0x20
 *(.binary_info.keep.*)
 .binary_info.keep.__bi_ptr22
                0x0000000010010858        0x4 CMakeFiles/sd_fat_spi.dir/home/tarek/pico-sdk/src/rp2_common/pico_standard_link/binary_info.c.obj
 .binary_info.keep.__bi_ptr30
                0x000000001001085c        0x4 CMakeFiles/sd_fat_spi.dir/home/tarek/pico-sdk/src/rp2_common/pico_standard_link/binary_info.c.obj
 .binary_info.keep.__bi_ptr38
                0x0000000010010860        0x4 CMakeFiles/sd_fat_spi.dir/home/tarek/pico-sdk/src/rp2_common/pico_standard_link/binary_info.c.obj
 .binary_info.keep.__bi_ptr44
                0x0000000010010864        0x4 CMakeFiles/sd_fat_spi.dir/home/tarek/pico-sdk/src/rp2_common/pico_standard_link/binary_info.c.obj
 .binary_info.keep.__bi_ptr50
                0x0000000010010868        0x4 CMakeFiles/sd_fat_spi.dir/home/tarek/pico-sdk/src/rp2_common/pico_standard_link/binary_info.c.obj
 .binary_info.keep.__bi_ptr75
                0x000000001001086c        0x4 CMakeFiles/sd_fat_spi.dir/home/tarek/pico-sdk/src/rp2_common/pico_standard_link/binary_info.c.obj
 .binary_info.keep.__bi_ptr81
                0x0000000010010870        0x4 CMakeFiles/sd_fat_spi.dir/home/tarek/pico-sdk/src/rp2_common/pico_standard_link/binary_info.c.obj
 *(.binary_info.*)
 .binary_info.__bi_ptr182
                0x0000000010010874        0x4 CMakeFiles/sd_fat_spi.dir/home/tarek/pico-sdk/src/rp2_common/pico_stdio_usb/stdio_usb.c.obj
                0x0000000010010878                __binary_info_end = .

.rel.dyn        0x0000000010010878        0x0
 .rel.iplt      0x0000000010010878        0x0 /usr/lib/gcc/arm-none-eabi/10.3.1/thumb/v6-m/nofp/crtbegin.o
                0x0000000010010878                . = ALIGN (0x4)

.ram_vector_table
                0x0000000020000000       0xc0
 *(.ram_vector_table)
 .ram_vector_table
                0x0000000020000000       0xc0 CMakeFiles/sd_fat_spi.dir/home/tarek/pico-sdk/src/rp2_common/pico_runtime/runtime.c.obj
                0x0000000020000000                ram_vector_table

.data           0x00000000200000c0     0x1d00 load address 0x0000000010010878
                0x00000000200000c0                __data_start__ = .
 *(vtable)
 *(.time_critical*)
 .time_critical.sem_acquire_timeout_ms
                0x00000000200000c0       0x80 CMakeFiles/sd_fat_spi.dir/home/tarek/pico-sdk/src/common/pico_sync/sem.c.obj
                0x00000000200000c0                sem_acquire_timeout_ms
 .time_critical.sem_release
                0x0000000020000140       0x4c CMakeFiles/sd_fat_spi.dir/home/tarek/pico-sdk/src/common/pico_sync/sem.c.obj
                0x0000000020000140                sem_release
 .time_critical.sem_reset
                0x000000002000018c       0x40 CMakeFiles/sd_fat_spi.dir/home/tarek/pico-sdk/src/common/pico_sync/sem.c.obj
                0x000000002000018c                sem_reset
 .time_critical.mutex_enter_blocking
                0x00000000200001cc       0x48 CMakeFiles/sd_fat_spi.dir/home/tarek/pico-sdk/src/common/pico_sync/mutex.c.obj
                0x00000000200001cc                mutex_enter_blocking
 .time_critical.mutex_try_enter
                0x0000000020000214       0x44 CMakeFiles/sd_fat_spi.dir/home/tarek/pico-sdk/src/common/pico_sync/mutex.c.obj
                0x0000000020000214                mutex_try_enter
 .time_critical.mutex_try_enter_block_until
                0x0000000020000258       0x9c CMakeFiles/sd_fat_spi.dir/home/tarek/pico-sdk/src/common/pico_sync/mutex.c.obj
                0x0000000020000258                mutex_try_enter_block_until
 .time_critical.mutex_enter_timeout_ms
                0x00000000200002f4       0x90 CMakeFiles/sd_fat_spi.dir/home/tarek/pico-sdk/src/common/pico_sync/mutex.c.obj
                0x00000000200002f4                mutex_enter_timeout_ms
 .time_critical.mutex_exit
                0x0000000020000384       0x28 CMakeFiles/sd_fat_spi.dir/home/tarek/pico-sdk/src/common/pico_sync/mutex.c.obj
                0x0000000020000384                mutex_exit
 .time_critical.flash_init_boot2_copyout
                0x00000000200003ac       0x30 CMakeFiles/sd_fat_spi.dir/home/tarek/pico-sdk/src/rp2_common/hardware_flash/flash.c.obj
 .time_critical.flash_enable_xip_via_boot2
                0x00000000200003dc       0x10 CMakeFiles/sd_fat_spi.dir/home/tarek/pico-sdk/src/rp2_common/hardware_flash/flash.c.obj
 .time_critical.flash_cs_force
                0x00000000200003ec       0x38 CMakeFiles/sd_fat_spi.dir/home/tarek/pico-sdk/src/rp2_common/hardware_flash/flash.c.obj
 .time_critical.flash_do_cmd
                0x0000000020000424       0xc4 CMakeFiles/sd_fat_spi.dir/home/tarek/pico-sdk/src/rp2_common/hardware_flash/flash.c.obj
                0x0000000020000424                flash_do_cmd
 .time_critical.reset_non_control_endpoints
                0x00000000200004e8       0xbc CMakeFiles/sd_fat_spi.dir/home/tarek/pico-sdk/lib/tinyusb/src/portable/raspberrypi/rp2040/dcd_rp2040.c.obj
 .time_critical.hw_handle_buff_status
                0x00000000200005a4       0xa8 CMakeFiles/sd_fat_spi.dir/home/tarek/pico-sdk/lib/tinyusb/src/portable/raspberrypi/rp2040/dcd_rp2040.c.obj
 .time_critical.dcd_rp2040_irq
                0x000000002000064c      0x4d8 CMakeFiles/sd_fat_spi.dir/home/tarek/pico-sdk/lib/tinyusb/src/portable/raspberrypi/rp2040/dcd_rp2040.c.obj
 .time_critical.e15_is_bulkin_ep
                0x0000000020000b24       0x28 CMakeFiles/sd_fat_spi.dir/home/tarek/pico-sdk/lib/tinyusb/src/portable/raspberrypi/rp2040/rp2040_usb.c.obj
 .time_critical.e15_is_critical_frame_period
                0x0000000020000b4c       0x34 CMakeFiles/sd_fat_spi.dir/home/tarek/pico-sdk/lib/tinyusb/src/portable/raspberrypi/rp2040/rp2040_usb.c.obj
 .time_critical.prepare_ep_buffer
                0x0000000020000b80       0x70 CMakeFiles/sd_fat_spi.dir/home/tarek/pico-sdk/lib/tinyusb/src/portable/raspberrypi/rp2040/rp2040_usb.c.obj
 .time_critical.sync_ep_buffer
                0x0000000020000bf0       0x4c CMakeFiles/sd_fat_spi.dir/home/tarek/pico-sdk/lib/tinyusb/src/portable/raspberrypi/rp2040/rp2040_usb.c.obj
 .time_critical._hw_endpoint_xfer_sync
                0x0000000020000c3c       0x28 CMakeFiles/sd_fat_spi.dir/home/tarek/pico-sdk/lib/tinyusb/src/portable/raspberrypi/rp2040/rp2040_usb.c.obj
 .time_critical.hw_endpoint_reset_transfer
                0x0000000020000c64        0xc CMakeFiles/sd_fat_spi.dir/home/tarek/pico-sdk/lib/tinyusb/src/portable/raspberrypi/rp2040/rp2040_usb.c.obj
                0x0000000020000c64                hw_endpoint_reset_transfer
 .time_critical._hw_endpoint_buffer_control_update32
                0x0000000020000c70       0x58 CMakeFiles/sd_fat_spi.dir/home/tarek/pico-sdk/lib/tinyusb/src/portable/raspberrypi/rp2040/rp2040_usb.c.obj
                0x0000000020000c70                _hw_endpoint_buffer_control_update32
 .time_critical.hw_endpoint_start_next_buffer
                0x0000000020000cc8       0x6c CMakeFiles/sd_fat_spi.dir/home/tarek/pico-sdk/lib/tinyusb/src/portable/raspberrypi/rp2040/rp2040_usb.c.obj
                0x0000000020000cc8                hw_endpoint_start_next_buffer
 .time_critical.hw_endpoint_xfer_continue
                0x0000000020000d34       0x50 CMakeFiles/sd_fat_spi.dir/home/tarek/pico-sdk/lib/tinyusb/src/portable/raspberrypi/rp2040/rp2040_usb.c.obj
                0x0000000020000d34                hw_endpoint_xfer_continue
 .time_critical.tinyusb
                0x0000000020000d84      0x170 CMakeFiles/sd_fat_spi.dir/home/tarek/pico-sdk/lib/tinyusb/src/device/usbd.c.obj
                0x0000000020000d84                dcd_event_handler
 .time_critical.spi_irq_handler_0
                0x0000000020000ef4       0x44 CMakeFiles/sd_fat_spi.dir/lib/no-OS-FatFS-SD-SPI-RPi-Pico/FatFs_SPI/sd_driver/spi.c.obj
 .time_critical.spi_irq_handler_1
                0x0000000020000f38       0x44 CMakeFiles/sd_fat_spi.dir/lib/no-OS-FatFS-SD-SPI-RPi-Pico/FatFs_SPI/sd_driver/spi.c.obj
 .time_critical.spi_transfer
                0x0000000020000f7c       0xd0 CMakeFiles/sd_fat_spi.dir/lib/no-OS-FatFS-SD-SPI-RPi-Pico/FatFs_SPI/sd_driver/spi.c.obj
                0x0000000020000f7c                spi_transfer
 .time_critical.spi_write_blocking
                0x000000002000104c       0x4c CMakeFiles/sd_fat_spi.dir/home/tarek/pico-sdk/src/rp2_common/hardware_spi/spi.c.obj
                0x000000002000104c                spi_write_blocking
 *(.text*)
 .text          0x0000000020001098        0x4 /usr/lib/gcc/arm-none-eabi/10.3.1/thumb/v6-m/nofp/libgcc.a(_dvmd_tls.o)
                0x0000000020001098                __aeabi_ldiv0
                0x0000000020001098                __aeabi_idiv0
 .text          0x000000002000109c       0x48 /usr/lib/gcc/arm-none-eabi/10.3.1/../../../arm-none-eabi/lib/thumb/v6-m/nofp/libc.a(lib_a-memcmp.o)
                0x000000002000109c                memcmp
 *fill*         0x00000000200010e4        0x4 
 .text.__stub   0x00000000200010e8       0x90 linker stubs
                0x0000000020001178                . = ALIGN (0x4)
 *(.rodata*)
                0x0000000020001178                . = ALIGN (0x4)
 *(.data*)
 *fill*         0x0000000020001178        0x0 
 .data.sd_cards
                0x0000000020001178      0x2b8 CMakeFiles/sd_fat_spi.dir/hw_config.c.obj
 .data.spis     0x0000000020001430       0x44 CMakeFiles/sd_fat_spi.dir/hw_config.c.obj
 .data.striped_spin_lock_num
                0x0000000020001474        0x1 CMakeFiles/sd_fat_spi.dir/home/tarek/pico-sdk/src/rp2_common/hardware_sync/sync.c.obj
 *fill*         0x0000000020001475        0x3 
 .data          0x0000000020001478       0x48 CMakeFiles/sd_fat_spi.dir/home/tarek/pico-sdk/src/rp2_common/hardware_irq/irq_handler_chain.S.obj
                0x0000000020001478                irq_handler_chain_slots
                0x00000000200014a8                irq_handler_chain_first_slot
                0x00000000200014b2                irq_handler_chain_remove_tail
 .data.default_alarm_pool
                0x00000000200014c0       0x18 CMakeFiles/sd_fat_spi.dir/home/tarek/pico-sdk/src/common/pico_time/time.c.obj
 .data.default_alarm_pool_heap
                0x00000000200014d8       0x10 CMakeFiles/sd_fat_spi.dir/home/tarek/pico-sdk/src/common/pico_time/time.c.obj
 *fill*         0x00000000200014e8        0x8 
 .data.aeabi_bits_funcs
                0x00000000200014f0       0x10 CMakeFiles/sd_fat_spi.dir/home/tarek/pico-sdk/src/rp2_common/pico_bit_ops/bit_ops_aeabi.S.obj
                0x00000000200014f0                aeabi_bits_funcs
                0x0000000020001500                aeabi_bits_funcs_end
 .data.aeabi_mem_funcs
                0x0000000020001500       0x10 CMakeFiles/sd_fat_spi.dir/home/tarek/pico-sdk/src/rp2_common/pico_mem_ops/mem_ops_aeabi.S.obj
                0x0000000020001500                aeabi_mem_funcs
                0x0000000020001510                aeabi_mem_funcs_end
 .data.stdio_usb
                0x0000000020001510       0x18 CMakeFiles/sd_fat_spi.dir/home/tarek/pico-sdk/src/rp2_common/pico_stdio_usb/stdio_usb.c.obj
                0x0000000020001510                stdio_usb
 .data.ep_dir_string
                0x0000000020001528        0x8 CMakeFiles/sd_fat_spi.dir/home/tarek/pico-sdk/lib/tinyusb/src/portable/raspberrypi/rp2040/rp2040_usb.c.obj
                0x0000000020001528                ep_dir_string
 .data._usbd_qdef
                0x0000000020001530       0x1c CMakeFiles/sd_fat_spi.dir/home/tarek/pico-sdk/lib/tinyusb/src/device/usbd.c.obj
                0x0000000020001530                _usbd_qdef
 .data._usbd_rhport
                0x000000002000154c        0x1 CMakeFiles/sd_fat_spi.dir/home/tarek/pico-sdk/lib/tinyusb/src/device/usbd.c.obj
 .data.dummy.1  0x000000002000154d        0x1 CMakeFiles/sd_fat_spi.dir/lib/no-OS-FatFS-SD-SPI-RPi-Pico/FatFs_SPI/sd_driver/spi.c.obj
 .data.irqShared
                0x000000002000154e        0x1 CMakeFiles/sd_fat_spi.dir/lib/no-OS-FatFS-SD-SPI-RPi-Pico/FatFs_SPI/sd_driver/spi.c.obj
 *fill*         0x000000002000154f        0x1 
 .data          0x0000000020001550      0x430 /usr/lib/gcc/arm-none-eabi/10.3.1/../../../arm-none-eabi/lib/thumb/v6-m/nofp/libc.a(lib_a-impure.o)
                0x0000000020001550                _impure_ptr
 .data          0x0000000020001980      0x410 /usr/lib/gcc/arm-none-eabi/10.3.1/../../../arm-none-eabi/lib/thumb/v6-m/nofp/libc.a(lib_a-mallocr.o)
                0x0000000020001980                __malloc_sbrk_base
                0x0000000020001984                __malloc_trim_threshold
                0x0000000020001988                __malloc_av_
                0x0000000020001d90                . = ALIGN (0x4)
 *(.after_data.*)
                0x0000000020001d90                . = ALIGN (0x4)
                0x0000000020001d90                PROVIDE (__mutex_array_start = .)
 *(SORT_BY_NAME(.mutex_array.*))
 *(.mutex_array)
 .mutex_array   0x0000000020001d90        0x8 CMakeFiles/sd_fat_spi.dir/home/tarek/pico-sdk/src/rp2_common/pico_stdio/stdio.c.obj
 .mutex_array   0x0000000020001d98        0x8 CMakeFiles/sd_fat_spi.dir/lib/no-OS-FatFS-SD-SPI-RPi-Pico/FatFs_SPI/sd_driver/spi.c.obj
 .mutex_array   0x0000000020001da0        0x8 CMakeFiles/sd_fat_spi.dir/lib/no-OS-FatFS-SD-SPI-RPi-Pico/FatFs_SPI/sd_driver/sd_card.c.obj
                0x0000000020001da8                PROVIDE (__mutex_array_end = .)
                0x0000000020001da8                . = ALIGN (0x4)
                0x0000000020001da8                PROVIDE (__preinit_array_start = .)
 *(SORT_BY_NAME(.preinit_array.*))
 .preinit_array.00001
                0x0000000020001da8        0x4 CMakeFiles/sd_fat_spi.dir/home/tarek/pico-sdk/src/rp2_common/pico_mem_ops/mem_ops_aeabi.S.obj
 .preinit_array.00010
                0x0000000020001dac        0x4 CMakeFiles/sd_fat_spi.dir/home/tarek/pico-sdk/src/rp2_common/pico_bit_ops/bit_ops_aeabi.S.obj
 .preinit_array.00020
                0x0000000020001db0        0x4 CMakeFiles/sd_fat_spi.dir/home/tarek/pico-sdk/src/rp2_common/pico_double/double_aeabi.S.obj
 .preinit_array.00020
                0x0000000020001db4        0x4 CMakeFiles/sd_fat_spi.dir/home/tarek/pico-sdk/src/rp2_common/pico_float/float_aeabi.S.obj
 *(.preinit_array)
                0x0000000020001db8                PROVIDE (__preinit_array_end = .)
                0x0000000020001db8                . = ALIGN (0x4)
                0x0000000020001db8                PROVIDE (__init_array_start = .)
 *(SORT_BY_NAME(.init_array.*))
 *(.init_array)
 .init_array    0x0000000020001db8        0x4 /usr/lib/gcc/arm-none-eabi/10.3.1/thumb/v6-m/nofp/crtbegin.o
 .init_array    0x0000000020001dbc        0x4 CMakeFiles/sd_fat_spi.dir/home/tarek/pico-sdk/src/rp2_common/pico_unique_id/unique_id.c.obj
                0x0000000020001dc0                PROVIDE (__init_array_end = .)
                0x0000000020001dc0                . = ALIGN (0x4)
                0x0000000020001dc0                PROVIDE (__fini_array_start = .)
 *(SORT_BY_NAME(.fini_array.*))
 *(.fini_array)
                0x0000000020001dc0                PROVIDE (__fini_array_end = .)
 *(.jcr)
                0x0000000020001dc0                . = ALIGN (0x4)
                0x0000000020001dc0                __data_end__ = .
                0x0000000010010878                __etext = LOADADDR (.data)

.tm_clone_table
                0x0000000020001dc0        0x0 load address 0x0000000010012578
 .tm_clone_table
                0x0000000020001dc0        0x0 /usr/lib/gcc/arm-none-eabi/10.3.1/thumb/v6-m/nofp/crtbegin.o
 .tm_clone_table
                0x0000000020001dc0        0x0 /usr/lib/gcc/arm-none-eabi/10.3.1/thumb/v6-m/nofp/crtend.o

.igot.plt       0x0000000020001dc0        0x0 load address 0x0000000010012578
 .igot.plt      0x0000000020001dc0        0x0 /usr/lib/gcc/arm-none-eabi/10.3.1/thumb/v6-m/nofp/crtbegin.o

.uninitialized_data
                0x0000000020001dc0        0x0 load address 0x0000000010012578
                0x0000000020001dc0                . = ALIGN (0x4)
 *(.uninitialized_data*)

.scratch_x      0x0000000020040000        0x0 load address 0x0000000010012578
                0x0000000020040000                __scratch_x_start__ = .
 *(.scratch_x.*)
                0x0000000020040000                . = ALIGN (0x4)
                0x0000000020040000                __scratch_x_end__ = .
                0x0000000010012578                __scratch_x_source__ = LOADADDR (.scratch_x)

.scratch_y      0x0000000020041000        0x0 load address 0x0000000010012578
                0x0000000020041000                __scratch_y_start__ = .
 *(.scratch_y.*)
                0x0000000020041000                . = ALIGN (0x4)
                0x0000000020041000                __scratch_y_end__ = .
                0x0000000010012578                __scratch_y_source__ = LOADADDR (.scratch_y)

.bss            0x0000000020001dc0      0xed8
                0x0000000020001dc0                . = ALIGN (0x4)
                0x0000000020001dc0                __bss_start__ = .
 *(SORT_BY_ALIGNMENT(SORT_BY_NAME(.bss*)))
 .bss.default_alarm_pool_entries
                0x0000000020001dc0      0x100 CMakeFiles/sd_fat_spi.dir/home/tarek/pico-sdk/src/common/pico_time/time.c.obj
 .bss.last_avail_time.1
                0x0000000020001ec0        0x8 CMakeFiles/sd_fat_spi.dir/home/tarek/pico-sdk/src/rp2_common/pico_stdio_usb/stdio_usb.c.obj
 .bss.sd_table  0x0000000020001ec8      0x100 CMakeFiles/sd_fat_spi.dir/home/tarek/pico-sdk/src/rp2_common/pico_double/double_init_rom.c.obj
                0x0000000020001ec8                sd_table
 .bss.sf_table  0x0000000020001fc8      0x100 CMakeFiles/sd_fat_spi.dir/home/tarek/pico-sdk/src/rp2_common/pico_float/float_init_rom.c.obj
                0x0000000020001fc8                sf_table
 .bss           0x00000000200020c8       0x1c /usr/lib/gcc/arm-none-eabi/10.3.1/thumb/v6-m/nofp/crtbegin.o
 .bss           0x00000000200020e4       0x34 /usr/lib/gcc/arm-none-eabi/10.3.1/../../../arm-none-eabi/lib/thumb/v6-m/nofp/libc.a(lib_a-mallocr.o)
                0x00000000200020e4                __malloc_top_pad
                0x00000000200020e8                __malloc_current_mallinfo
                0x0000000020002110                __malloc_max_sbrked_mem
                0x0000000020002114                __malloc_max_total_mem
 .bss           0x0000000020002118        0x4 /usr/lib/gcc/arm-none-eabi/10.3.1/../../../arm-none-eabi/lib/thumb/v6-m/nofp/libc.a(lib_a-reent.o)
                0x0000000020002118                errno
 .bss.FatFs     0x000000002000211c        0x8 CMakeFiles/sd_fat_spi.dir/lib/no-OS-FatFS-SD-SPI-RPi-Pico/FatFs_SPI/ff15/source/ff.c.obj
 .bss.Files     0x0000000020002124      0x100 CMakeFiles/sd_fat_spi.dir/lib/no-OS-FatFS-SD-SPI-RPi-Pico/FatFs_SPI/ff15/source/ff.c.obj
 .bss._app_driver
                0x0000000020002224        0x4 CMakeFiles/sd_fat_spi.dir/home/tarek/pico-sdk/lib/tinyusb/src/device/usbd.c.obj
 .bss._cdcd_itf
                0x0000000020002228      0x2c8 CMakeFiles/sd_fat_spi.dir/home/tarek/pico-sdk/lib/tinyusb/src/class/cdc/cdc_device.c.obj
 .bss._ctrl_xfer
                0x00000000200024f0       0x14 CMakeFiles/sd_fat_spi.dir/home/tarek/pico-sdk/lib/tinyusb/src/device/usbd_control.c.obj
 .bss._ubsd_mutexdef
                0x0000000020002504        0x8 CMakeFiles/sd_fat_spi.dir/home/tarek/pico-sdk/lib/tinyusb/src/device/usbd.c.obj
 .bss._usbd_ctrl_buf
                0x000000002000250c       0x40 CMakeFiles/sd_fat_spi.dir/home/tarek/pico-sdk/lib/tinyusb/src/device/usbd_control.c.obj
 .bss._usbd_dev
                0x000000002000254c       0x53 CMakeFiles/sd_fat_spi.dir/home/tarek/pico-sdk/lib/tinyusb/src/device/usbd.c.obj